This is pdfTeX, Version 3.141592653-2.6-1.40.27 (TeX Live 2026/dev/Arch Linux) (preloaded format=pdflatex 2026.1.11)  31 JAN 2026 16:40
entering extended mode
 restricted \write18 enabled.
 %&-line parsing enabled.
**lUltralydtransmitter.tex
(./lUltralydtransmitter.tex
LaTeX2e <2024-11-01> patch level 2
L3 programming layer <2025-01-18>
(./preamble.tex (/usr/share/texmf-dist/tex/latex/base/article.cls
Document Class: article 2024/06/29 v1.4n Standard LaTeX document class
(/usr/share/texmf-dist/tex/latex/base/size12.clo
File: size12.clo 2024/06/29 v1.4n Standard LaTeX file (size option)
)
\c@part=\count196
\c@section=\count197
\c@subsection=\count198
\c@subsubsection=\count199
\c@paragraph=\count266
\c@subparagraph=\count267
\c@figure=\count268
\c@table=\count269
\abovecaptionskip=\skip49
\belowcaptionskip=\skip50
\bibindent=\dimen141
)
(/usr/share/texmf-dist/tex/latex/geometry/geometry.sty
Package: geometry 2020/01/02 v5.9 Page Geometry

(/usr/share/texmf-dist/tex/latex/graphics/keyval.sty
Package: keyval 2022/05/29 v1.15 key=value parser (DPC)
\KV@toks@=\toks17
)
(/usr/share/texmf-dist/tex/generic/iftex/ifvtex.sty
Package: ifvtex 2019/10/25 v1.7 ifvtex legacy package. Use iftex instead.

(/usr/share/texmf-dist/tex/generic/iftex/iftex.sty
Package: iftex 2024/12/12 v1.0g TeX engine tests
))
\Gm@cnth=\count270
\Gm@cntv=\count271
\c@Gm@tempcnt=\count272
\Gm@bindingoffset=\dimen142
\Gm@wd@mp=\dimen143
\Gm@odd@mp=\dimen144
\Gm@even@mp=\dimen145
\Gm@layoutwidth=\dimen146
\Gm@layoutheight=\dimen147
\Gm@layouthoffset=\dimen148
\Gm@layoutvoffset=\dimen149
\Gm@dimlist=\toks18
)
(/usr/share/texmf-dist/tex/latex/base/inputenc.sty
Package: inputenc 2024/02/08 v1.3d Input encoding file
\inpenc@prehook=\toks19
\inpenc@posthook=\toks20
)
(/usr/share/texmf-dist/tex/latex/xcolor/xcolor.sty
Package: xcolor 2024/09/29 v3.02 LaTeX color extensions (UK)

(/usr/share/texmf-dist/tex/latex/graphics-cfg/color.cfg
File: color.cfg 2016/01/02 v1.6 sample color configuration
)
Package xcolor Info: Driver file: pdftex.def on input line 274.

(/usr/share/texmf-dist/tex/latex/graphics-def/pdftex.def
File: pdftex.def 2024/04/13 v1.2c Graphics/color driver for pdftex
)
(/usr/share/texmf-dist/tex/latex/graphics/mathcolor.ltx)
Package xcolor Info: Model `cmy' substituted by `cmy0' on input line 1349.
Package xcolor Info: Model `hsb' substituted by `rgb' on input line 1353.
Package xcolor Info: Model `RGB' extended on input line 1365.
Package xcolor Info: Model `HTML' substituted by `rgb' on input line 1367.
Package xcolor Info: Model `Hsb' substituted by `hsb' on input line 1368.
Package xcolor Info: Model `tHsb' substituted by `hsb' on input line 1369.
Package xcolor Info: Model `HSB' substituted by `hsb' on input line 1370.
Package xcolor Info: Model `Gray' substituted by `gray' on input line 1371.
Package xcolor Info: Model `wave' substituted by `hsb' on input line 1372.
)
(/usr/share/texmf-dist/tex/latex/colortbl/colortbl.sty
Package: colortbl 2024/07/06 v1.0i Color table columns (DPC)

(/usr/share/texmf-dist/tex/latex/tools/array.sty
Package: array 2024/10/17 v2.6g Tabular extension package (FMi)
\col@sep=\dimen150
\ar@mcellbox=\box52
\extrarowheight=\dimen151
\NC@list=\toks21
\extratabsurround=\skip51
\backup@length=\skip52
\ar@cellbox=\box53
)
\everycr=\toks22
\minrowclearance=\skip53
\rownum=\count273
)
(/usr/share/texmf-dist/tex/latex/base/fontenc.sty
Package: fontenc 2021/04/29 v2.0v Standard LaTeX package
)
(/usr/share/texmf-dist/tex/latex/graphics/graphicx.sty
Package: graphicx 2021/09/16 v1.2d Enhanced LaTeX Graphics (DPC,SPQR)

(/usr/share/texmf-dist/tex/latex/graphics/graphics.sty
Package: graphics 2024/08/06 v1.4g Standard LaTeX Graphics (DPC,SPQR)

(/usr/share/texmf-dist/tex/latex/graphics/trig.sty
Package: trig 2023/12/02 v1.11 sin cos tan (DPC)
)
(/usr/share/texmf-dist/tex/latex/graphics-cfg/graphics.cfg
File: graphics.cfg 2016/06/04 v1.11 sample graphics configuration
)
Package graphics Info: Driver file: pdftex.def on input line 106.
)
\Gin@req@height=\dimen152
\Gin@req@width=\dimen153
)
(/usr/share/texmf-dist/tex/latex/enumitem/enumitem.sty
Package: enumitem 2025/02/06 v3.11 Customized lists
\labelindent=\skip54
\enit@outerparindent=\dimen154
\enit@toks=\toks23
\enit@inbox=\box54
\enit@count@id=\count274
\enitdp@description=\count275
)
(/usr/share/texmf-dist/tex/latex/pdfpages/pdfpages.sty
Package: pdfpages 2025/01/30 v0.6e Insert pages of external PDF documents (AM)

(/usr/share/texmf-dist/tex/latex/base/ifthen.sty
Package: ifthen 2024/03/16 v1.1e Standard LaTeX ifthen package (DPC)
)
(/usr/share/texmf-dist/tex/latex/tools/calc.sty
Package: calc 2023/07/08 v4.3 Infix arithmetic (KKT,FJ)
\calc@Acount=\count276
\calc@Bcount=\count277
\calc@Adimen=\dimen155
\calc@Bdimen=\dimen156
\calc@Askip=\skip55
\calc@Bskip=\skip56
LaTeX Info: Redefining \setlength on input line 80.
LaTeX Info: Redefining \addtolength on input line 81.
\calc@Ccount=\count278
\calc@Cskip=\skip57
)
(/usr/share/texmf-dist/tex/latex/eso-pic/eso-pic.sty
Package: eso-pic 2023/05/03 v3.0c eso-pic (RN)
\ESO@tempdima=\dimen157
\ESO@tempdimb=\dimen158
)
(/usr/share/texmf-dist/tex/latex/etoolbox/etoolbox.sty
Package: etoolbox 2025/02/11 v2.5l e-TeX tools for LaTeX (JAW)
\etb@tempcnta=\count279
)
\AM@pagewidth=\dimen159
\AM@pageheight=\dimen160
\AM@fboxrule=\dimen161

(/usr/share/texmf-dist/tex/latex/pdfpages/pppdftex.def
File: pppdftex.def 2025/01/30 v0.6e Pdfpages driver for pdfTeX (AM)
)
\pdfpages@includegraphics@status=\count280
\AM@pagebox=\box55
\AM@global@opts=\toks24
\AM@pagecnt=\count281
\AM@toc@title=\toks25
\AM@lof@heading=\toks26
\c@AM@survey=\count282
\AM@templatesizebox=\box56
)
(/usr/share/texmf-dist/tex/latex/hyperref/hyperref.sty
Package: hyperref 2024-11-05 v7.01l Hypertext links for LaTeX

(/usr/share/texmf-dist/tex/latex/kvsetkeys/kvsetkeys.sty
Package: kvsetkeys 2022-10-05 v1.19 Key value parser (HO)
)
(/usr/share/texmf-dist/tex/generic/kvdefinekeys/kvdefinekeys.sty
Package: kvdefinekeys 2019-12-19 v1.6 Define keys (HO)
)
(/usr/share/texmf-dist/tex/generic/pdfescape/pdfescape.sty
Package: pdfescape 2019/12/09 v1.15 Implements pdfTeX's escape features (HO)

(/usr/share/texmf-dist/tex/generic/ltxcmds/ltxcmds.sty
Package: ltxcmds 2023-12-04 v1.26 LaTeX kernel commands for general use (HO)
)
(/usr/share/texmf-dist/tex/generic/pdftexcmds/pdftexcmds.sty
Package: pdftexcmds 2020-06-27 v0.33 Utility functions of pdfTeX for LuaTeX (HO
)

(/usr/share/texmf-dist/tex/generic/infwarerr/infwarerr.sty
Package: infwarerr 2019/12/03 v1.5 Providing info/warning/error messages (HO)
)
Package pdftexcmds Info: \pdf@primitive is available.
Package pdftexcmds Info: \pdf@ifprimitive is available.
Package pdftexcmds Info: \pdfdraftmode found.
))
(/usr/share/texmf-dist/tex/latex/hycolor/hycolor.sty
Package: hycolor 2020-01-27 v1.10 Color options for hyperref/bookmark (HO)
)
(/usr/share/texmf-dist/tex/latex/hyperref/nameref.sty
Package: nameref 2023-11-26 v2.56 Cross-referencing by name of section

(/usr/share/texmf-dist/tex/latex/refcount/refcount.sty
Package: refcount 2019/12/15 v3.6 Data extraction from label references (HO)
)
(/usr/share/texmf-dist/tex/generic/gettitlestring/gettitlestring.sty
Package: gettitlestring 2019/12/15 v1.6 Cleanup title references (HO)

(/usr/share/texmf-dist/tex/latex/kvoptions/kvoptions.sty
Package: kvoptions 2022-06-15 v3.15 Key value format for package options (HO)
))
\c@section@level=\count283
)
(/usr/share/texmf-dist/tex/generic/stringenc/stringenc.sty
Package: stringenc 2019/11/29 v1.12 Convert strings between diff. encodings (HO
)
)
\@linkdim=\dimen162
\Hy@linkcounter=\count284
\Hy@pagecounter=\count285

(/usr/share/texmf-dist/tex/latex/hyperref/pd1enc.def
File: pd1enc.def 2024-11-05 v7.01l Hyperref: PDFDocEncoding definition (HO)
Now handling font encoding PD1 ...
... no UTF-8 mapping file for font encoding PD1
)
(/usr/share/texmf-dist/tex/generic/intcalc/intcalc.sty
Package: intcalc 2019/12/15 v1.3 Expandable calculations with integers (HO)
)
\Hy@SavedSpaceFactor=\count286

(/usr/share/texmf-dist/tex/latex/hyperref/puenc.def
File: puenc.def 2024-11-05 v7.01l Hyperref: PDF Unicode definition (HO)
Now handling font encoding PU ...
... no UTF-8 mapping file for font encoding PU
)
Package hyperref Info: Hyper figures OFF on input line 4157.
Package hyperref Info: Link nesting OFF on input line 4162.
Package hyperref Info: Hyper index ON on input line 4165.
Package hyperref Info: Plain pages OFF on input line 4172.
Package hyperref Info: Backreferencing OFF on input line 4177.
Package hyperref Info: Implicit mode ON; LaTeX internals redefined.
Package hyperref Info: Bookmarks ON on input line 4424.
\c@Hy@tempcnt=\count287

(/usr/share/texmf-dist/tex/latex/url/url.sty
\Urlmuskip=\muskip17
Package: url 2013/09/16  ver 3.4  Verb mode for urls, etc.
)
LaTeX Info: Redefining \url on input line 4763.
\XeTeXLinkMargin=\dimen163

(/usr/share/texmf-dist/tex/generic/bitset/bitset.sty
Package: bitset 2019/12/09 v1.3 Handle bit-vector datatype (HO)

(/usr/share/texmf-dist/tex/generic/bigintcalc/bigintcalc.sty
Package: bigintcalc 2019/12/15 v1.5 Expandable calculations on big integers (HO
)
))
\Fld@menulength=\count288
\Field@Width=\dimen164
\Fld@charsize=\dimen165
Package hyperref Info: Hyper figures OFF on input line 6042.
Package hyperref Info: Link nesting OFF on input line 6047.
Package hyperref Info: Hyper index ON on input line 6050.
Package hyperref Info: backreferencing OFF on input line 6057.
Package hyperref Info: Link coloring OFF on input line 6062.
Package hyperref Info: Link coloring with OCG OFF on input line 6067.
Package hyperref Info: PDF/A mode OFF on input line 6072.

(/usr/share/texmf-dist/tex/latex/base/atbegshi-ltx.sty
Package: atbegshi-ltx 2021/01/10 v1.0c Emulation of the original atbegshi
package with kernel methods
)
\Hy@abspage=\count289
\c@Item=\count290
\c@Hfootnote=\count291
)
Package hyperref Info: Driver (autodetected): hpdftex.

(/usr/share/texmf-dist/tex/latex/hyperref/hpdftex.def
File: hpdftex.def 2024-11-05 v7.01l Hyperref driver for pdfTeX

(/usr/share/texmf-dist/tex/latex/base/atveryend-ltx.sty
Package: atveryend-ltx 2020/08/19 v1.0a Emulation of the original atveryend pac
kage
with kernel methods
)
\Fld@listcount=\count292
\c@bookmark@seq@number=\count293

(/usr/share/texmf-dist/tex/latex/rerunfilecheck/rerunfilecheck.sty
Package: rerunfilecheck 2022-07-10 v1.10 Rerun checks for auxiliary files (HO)

(/usr/share/texmf-dist/tex/generic/uniquecounter/uniquecounter.sty
Package: uniquecounter 2019/12/15 v1.4 Provide unlimited unique counter (HO)
)
Package uniquecounter Info: New unique counter `rerunfilecheck' on input line 2
85.
)
\Hy@SectionHShift=\skip58
)
(/usr/share/texmf-dist/tex/latex/pgf/frontendlayer/tikz.sty
(/usr/share/texmf-dist/tex/latex/pgf/basiclayer/pgf.sty
(/usr/share/texmf-dist/tex/latex/pgf/utilities/pgfrcs.sty
(/usr/share/texmf-dist/tex/generic/pgf/utilities/pgfutil-common.tex
\pgfutil@everybye=\toks27
\pgfutil@tempdima=\dimen166
\pgfutil@tempdimb=\dimen167
)
(/usr/share/texmf-dist/tex/generic/pgf/utilities/pgfutil-latex.def
\pgfutil@abb=\box57
)
(/usr/share/texmf-dist/tex/generic/pgf/utilities/pgfrcs.code.tex
(/usr/share/texmf-dist/tex/generic/pgf/pgf.revision.tex)
Package: pgfrcs 2023-01-15 v3.1.10 (3.1.10)
))
Package: pgf 2023-01-15 v3.1.10 (3.1.10)

(/usr/share/texmf-dist/tex/latex/pgf/basiclayer/pgfcore.sty
(/usr/share/texmf-dist/tex/latex/pgf/systemlayer/pgfsys.sty
(/usr/share/texmf-dist/tex/generic/pgf/systemlayer/pgfsys.code.tex
Package: pgfsys 2023-01-15 v3.1.10 (3.1.10)

(/usr/share/texmf-dist/tex/generic/pgf/utilities/pgfkeys.code.tex
\pgfkeys@pathtoks=\toks28
\pgfkeys@temptoks=\toks29

(/usr/share/texmf-dist/tex/generic/pgf/utilities/pgfkeyslibraryfiltered.code.te
x
\pgfkeys@tmptoks=\toks30
))
\pgf@x=\dimen168
\pgf@y=\dimen169
\pgf@xa=\dimen170
\pgf@ya=\dimen171
\pgf@xb=\dimen172
\pgf@yb=\dimen173
\pgf@xc=\dimen174
\pgf@yc=\dimen175
\pgf@xd=\dimen176
\pgf@yd=\dimen177
\w@pgf@writea=\write3
\r@pgf@reada=\read2
\c@pgf@counta=\count294
\c@pgf@countb=\count295
\c@pgf@countc=\count296
\c@pgf@countd=\count297
\t@pgf@toka=\toks31
\t@pgf@tokb=\toks32
\t@pgf@tokc=\toks33
\pgf@sys@id@count=\count298
 (/usr/share/texmf-dist/tex/generic/pgf/systemlayer/pgf.cfg
File: pgf.cfg 2023-01-15 v3.1.10 (3.1.10)
)
Driver file for pgf: pgfsys-pdftex.def

(/usr/share/texmf-dist/tex/generic/pgf/systemlayer/pgfsys-pdftex.def
File: pgfsys-pdftex.def 2023-01-15 v3.1.10 (3.1.10)

(/usr/share/texmf-dist/tex/generic/pgf/systemlayer/pgfsys-common-pdf.def
File: pgfsys-common-pdf.def 2023-01-15 v3.1.10 (3.1.10)
)))
(/usr/share/texmf-dist/tex/generic/pgf/systemlayer/pgfsyssoftpath.code.tex
File: pgfsyssoftpath.code.tex 2023-01-15 v3.1.10 (3.1.10)
\pgfsyssoftpath@smallbuffer@items=\count299
\pgfsyssoftpath@bigbuffer@items=\count300
)
(/usr/share/texmf-dist/tex/generic/pgf/systemlayer/pgfsysprotocol.code.tex
File: pgfsysprotocol.code.tex 2023-01-15 v3.1.10 (3.1.10)
))
(/usr/share/texmf-dist/tex/generic/pgf/basiclayer/pgfcore.code.tex
Package: pgfcore 2023-01-15 v3.1.10 (3.1.10)

(/usr/share/texmf-dist/tex/generic/pgf/math/pgfmath.code.tex
(/usr/share/texmf-dist/tex/generic/pgf/math/pgfmathutil.code.tex)
(/usr/share/texmf-dist/tex/generic/pgf/math/pgfmathparser.code.tex
\pgfmath@dimen=\dimen178
\pgfmath@count=\count301
\pgfmath@box=\box58
\pgfmath@toks=\toks34
\pgfmath@stack@operand=\toks35
\pgfmath@stack@operation=\toks36
)
(/usr/share/texmf-dist/tex/generic/pgf/math/pgfmathfunctions.code.tex)
(/usr/share/texmf-dist/tex/generic/pgf/math/pgfmathfunctions.basic.code.tex)
(/usr/share/texmf-dist/tex/generic/pgf/math/pgfmathfunctions.trigonometric.code
.tex)
(/usr/share/texmf-dist/tex/generic/pgf/math/pgfmathfunctions.random.code.tex)
(/usr/share/texmf-dist/tex/generic/pgf/math/pgfmathfunctions.comparison.code.te
x) (/usr/share/texmf-dist/tex/generic/pgf/math/pgfmathfunctions.base.code.tex)
(/usr/share/texmf-dist/tex/generic/pgf/math/pgfmathfunctions.round.code.tex)
(/usr/share/texmf-dist/tex/generic/pgf/math/pgfmathfunctions.misc.code.tex)
(/usr/share/texmf-dist/tex/generic/pgf/math/pgfmathfunctions.integerarithmetics
.code.tex) (/usr/share/texmf-dist/tex/generic/pgf/math/pgfmathcalc.code.tex)
(/usr/share/texmf-dist/tex/generic/pgf/math/pgfmathfloat.code.tex
\c@pgfmathroundto@lastzeros=\count302
))
(/usr/share/texmf-dist/tex/generic/pgf/math/pgfint.code.tex)
(/usr/share/texmf-dist/tex/generic/pgf/basiclayer/pgfcorepoints.code.tex
File: pgfcorepoints.code.tex 2023-01-15 v3.1.10 (3.1.10)
\pgf@picminx=\dimen179
\pgf@picmaxx=\dimen180
\pgf@picminy=\dimen181
\pgf@picmaxy=\dimen182
\pgf@pathminx=\dimen183
\pgf@pathmaxx=\dimen184
\pgf@pathminy=\dimen185
\pgf@pathmaxy=\dimen186
\pgf@xx=\dimen187
\pgf@xy=\dimen188
\pgf@yx=\dimen189
\pgf@yy=\dimen190
\pgf@zx=\dimen191
\pgf@zy=\dimen192
)
(/usr/share/texmf-dist/tex/generic/pgf/basiclayer/pgfcorepathconstruct.code.tex
File: pgfcorepathconstruct.code.tex 2023-01-15 v3.1.10 (3.1.10)
\pgf@path@lastx=\dimen193
\pgf@path@lasty=\dimen194
) (/usr/share/texmf-dist/tex/generic/pgf/basiclayer/pgfcorepathusage.code.tex
File: pgfcorepathusage.code.tex 2023-01-15 v3.1.10 (3.1.10)
\pgf@shorten@end@additional=\dimen195
\pgf@shorten@start@additional=\dimen196
)
(/usr/share/texmf-dist/tex/generic/pgf/basiclayer/pgfcorescopes.code.tex
File: pgfcorescopes.code.tex 2023-01-15 v3.1.10 (3.1.10)
\pgfpic=\box59
\pgf@hbox=\box60
\pgf@layerbox@main=\box61
\pgf@picture@serial@count=\count303
)
(/usr/share/texmf-dist/tex/generic/pgf/basiclayer/pgfcoregraphicstate.code.tex
File: pgfcoregraphicstate.code.tex 2023-01-15 v3.1.10 (3.1.10)
\pgflinewidth=\dimen197
)
(/usr/share/texmf-dist/tex/generic/pgf/basiclayer/pgfcoretransformations.code.t
ex
File: pgfcoretransformations.code.tex 2023-01-15 v3.1.10 (3.1.10)
\pgf@pt@x=\dimen198
\pgf@pt@y=\dimen199
\pgf@pt@temp=\dimen256
) (/usr/share/texmf-dist/tex/generic/pgf/basiclayer/pgfcorequick.code.tex
File: pgfcorequick.code.tex 2023-01-15 v3.1.10 (3.1.10)
)
(/usr/share/texmf-dist/tex/generic/pgf/basiclayer/pgfcoreobjects.code.tex
File: pgfcoreobjects.code.tex 2023-01-15 v3.1.10 (3.1.10)
)
(/usr/share/texmf-dist/tex/generic/pgf/basiclayer/pgfcorepathprocessing.code.te
x
File: pgfcorepathprocessing.code.tex 2023-01-15 v3.1.10 (3.1.10)
) (/usr/share/texmf-dist/tex/generic/pgf/basiclayer/pgfcorearrows.code.tex
File: pgfcorearrows.code.tex 2023-01-15 v3.1.10 (3.1.10)
\pgfarrowsep=\dimen257
)
(/usr/share/texmf-dist/tex/generic/pgf/basiclayer/pgfcoreshade.code.tex
File: pgfcoreshade.code.tex 2023-01-15 v3.1.10 (3.1.10)
\pgf@max=\dimen258
\pgf@sys@shading@range@num=\count304
\pgf@shadingcount=\count305
)
(/usr/share/texmf-dist/tex/generic/pgf/basiclayer/pgfcoreimage.code.tex
File: pgfcoreimage.code.tex 2023-01-15 v3.1.10 (3.1.10)
)
(/usr/share/texmf-dist/tex/generic/pgf/basiclayer/pgfcoreexternal.code.tex
File: pgfcoreexternal.code.tex 2023-01-15 v3.1.10 (3.1.10)
\pgfexternal@startupbox=\box62
)
(/usr/share/texmf-dist/tex/generic/pgf/basiclayer/pgfcorelayers.code.tex
File: pgfcorelayers.code.tex 2023-01-15 v3.1.10 (3.1.10)
)
(/usr/share/texmf-dist/tex/generic/pgf/basiclayer/pgfcoretransparency.code.tex
File: pgfcoretransparency.code.tex 2023-01-15 v3.1.10 (3.1.10)
) (/usr/share/texmf-dist/tex/generic/pgf/basiclayer/pgfcorepatterns.code.tex
File: pgfcorepatterns.code.tex 2023-01-15 v3.1.10 (3.1.10)
)
(/usr/share/texmf-dist/tex/generic/pgf/basiclayer/pgfcorerdf.code.tex
File: pgfcorerdf.code.tex 2023-01-15 v3.1.10 (3.1.10)
)))
(/usr/share/texmf-dist/tex/generic/pgf/modules/pgfmoduleshapes.code.tex
File: pgfmoduleshapes.code.tex 2023-01-15 v3.1.10 (3.1.10)
\pgfnodeparttextbox=\box63
)
(/usr/share/texmf-dist/tex/generic/pgf/modules/pgfmoduleplot.code.tex
File: pgfmoduleplot.code.tex 2023-01-15 v3.1.10 (3.1.10)
)
(/usr/share/texmf-dist/tex/latex/pgf/compatibility/pgfcomp-version-0-65.sty
Package: pgfcomp-version-0-65 2023-01-15 v3.1.10 (3.1.10)
\pgf@nodesepstart=\dimen259
\pgf@nodesepend=\dimen260
)
(/usr/share/texmf-dist/tex/latex/pgf/compatibility/pgfcomp-version-1-18.sty
Package: pgfcomp-version-1-18 2023-01-15 v3.1.10 (3.1.10)
))
(/usr/share/texmf-dist/tex/latex/pgf/utilities/pgffor.sty
(/usr/share/texmf-dist/tex/latex/pgf/utilities/pgfkeys.sty
(/usr/share/texmf-dist/tex/generic/pgf/utilities/pgfkeys.code.tex))
(/usr/share/texmf-dist/tex/latex/pgf/math/pgfmath.sty
(/usr/share/texmf-dist/tex/generic/pgf/math/pgfmath.code.tex))
(/usr/share/texmf-dist/tex/generic/pgf/utilities/pgffor.code.tex
Package: pgffor 2023-01-15 v3.1.10 (3.1.10)
\pgffor@iter=\dimen261
\pgffor@skip=\dimen262
\pgffor@stack=\toks37
\pgffor@toks=\toks38
))
(/usr/share/texmf-dist/tex/generic/pgf/frontendlayer/tikz/tikz.code.tex
Package: tikz 2023-01-15 v3.1.10 (3.1.10)

(/usr/share/texmf-dist/tex/generic/pgf/libraries/pgflibraryplothandlers.code.te
x
File: pgflibraryplothandlers.code.tex 2023-01-15 v3.1.10 (3.1.10)
\pgf@plot@mark@count=\count306
\pgfplotmarksize=\dimen263
)
\tikz@lastx=\dimen264
\tikz@lasty=\dimen265
\tikz@lastxsaved=\dimen266
\tikz@lastysaved=\dimen267
\tikz@lastmovetox=\dimen268
\tikz@lastmovetoy=\dimen269
\tikzleveldistance=\dimen270
\tikzsiblingdistance=\dimen271
\tikz@figbox=\box64
\tikz@figbox@bg=\box65
\tikz@tempbox=\box66
\tikz@tempbox@bg=\box67
\tikztreelevel=\count307
\tikznumberofchildren=\count308
\tikznumberofcurrentchild=\count309
\tikz@fig@count=\count310
 (/usr/share/texmf-dist/tex/generic/pgf/modules/pgfmodulematrix.code.tex
File: pgfmodulematrix.code.tex 2023-01-15 v3.1.10 (3.1.10)
\pgfmatrixcurrentrow=\count311
\pgfmatrixcurrentcolumn=\count312
\pgf@matrix@numberofcolumns=\count313
)
\tikz@expandcount=\count314

(/usr/share/texmf-dist/tex/generic/pgf/frontendlayer/tikz/libraries/tikzlibrary
topaths.code.tex
File: tikzlibrarytopaths.code.tex 2023-01-15 v3.1.10 (3.1.10)
)))
(/usr/share/texmf-dist/tex/generic/pgf/libraries/pgflibraryarrows.meta.code.tex
File: pgflibraryarrows.meta.code.tex 2023-01-15 v3.1.10 (3.1.10)
\pgfarrowinset=\dimen272
\pgfarrowlength=\dimen273
\pgfarrowwidth=\dimen274
\pgfarrowlinewidth=\dimen275
)
(/usr/share/texmf-dist/tex/generic/pgf/frontendlayer/tikz/libraries/tikzlibrary
positioning.code.tex
File: tikzlibrarypositioning.code.tex 2023-01-15 v3.1.10 (3.1.10)
)
(/usr/share/texmf-dist/tex/generic/pgf/frontendlayer/tikz/libraries/tikzlibrary
shapes.geometric.code.tex
File: tikzlibraryshapes.geometric.code.tex 2023-01-15 v3.1.10 (3.1.10)

(/usr/share/texmf-dist/tex/generic/pgf/libraries/shapes/pgflibraryshapes.geomet
ric.code.tex
File: pgflibraryshapes.geometric.code.tex 2023-01-15 v3.1.10 (3.1.10)
)) (/usr/share/texmf-dist/tex/latex/attachfile/attachfile.sty
Package: attachfile 2016/09/18 v1.9 PDF 1.3+ file attachment

(/usr/share/texmf-dist/tex/generic/iftex/ifpdf.sty
Package: ifpdf 2019/10/25 v3.4 ifpdf legacy package. Use iftex instead.
)
\c@atfi@tmp=\count315
\atfi@appearancewidth=\skip59
\atfi@appearanceheight=\skip60
\atfi@appearancedepth=\skip61
\atfi@appearancebox=\box68
)
(/usr/share/texmf-dist/tex/latex/epstopdf-pkg/epstopdf.sty
Package: epstopdf 2020-01-24 v2.11 Conversion with epstopdf on the fly (HO)

(/usr/share/texmf-dist/tex/latex/grfext/grfext.sty
Package: grfext 2019/12/03 v1.3 Manage graphics extensions (HO)
)
(/usr/share/texmf-dist/tex/latex/epstopdf-pkg/epstopdf-base.sty
Package: epstopdf-base 2020-01-24 v2.11 Base part for package epstopdf
Package epstopdf-base Info: Redefining graphics rule for `.eps' on input line 4
85.
Package grfext Info: Graphics extension search list:
(grfext)             [.pdf,.png,.jpg,.mps,.jpeg,.jbig2,.jb2,.PDF,.PNG,.JPG,.JPE
G,.JBIG2,.JB2,.eps]
(grfext)             \AppendGraphicsExtensions on input line 504.

(/usr/share/texmf-dist/tex/latex/latexconfig/epstopdf-sys.cfg
File: epstopdf-sys.cfg 2010/07/13 v1.3 Configuration of (r)epstopdf for TeX Liv
e
)))
(/usr/share/texmf-dist/tex/latex/multirow/multirow.sty
Package: multirow 2024/11/12 v2.9 Span multiple rows of a table
\multirow@colwidth=\skip62
\multirow@cntb=\count316
\multirow@dima=\skip63
\bigstrutjot=\dimen276
)
(/usr/share/texmf-dist/tex/latex/tools/multicol.sty
Package: multicol 2024/09/14 v1.9i multicolumn formatting (FMi)
\c@tracingmulticols=\count317
\mult@box=\box69
\multicol@leftmargin=\dimen277
\c@unbalance=\count318
\c@collectmore=\count319
\doublecol@number=\count320
\multicoltolerance=\count321
\multicolpretolerance=\count322
\full@width=\dimen278
\page@free=\dimen279
\premulticols=\dimen280
\postmulticols=\dimen281
\multicolsep=\skip64
\multicolbaselineskip=\skip65
\partial@page=\box70
\last@line=\box71
\mc@boxedresult=\box72
\maxbalancingoverflow=\dimen282
\mult@rightbox=\box73
\mult@grightbox=\box74
\mult@firstbox=\box75
\mult@gfirstbox=\box76
\@tempa=\box77
\@tempa=\box78
\@tempa=\box79
\@tempa=\box80
\@tempa=\box81
\@tempa=\box82
\@tempa=\box83
\@tempa=\box84
\@tempa=\box85
\@tempa=\box86
\@tempa=\box87
\@tempa=\box88
\@tempa=\box89
\@tempa=\box90
\@tempa=\box91
\@tempa=\box92
\@tempa=\box93
\@tempa=\box94
\@tempa=\box95
\@tempa=\box96
\@tempa=\box97
\@tempa=\box98
\@tempa=\box99
\@tempa=\box100
\@tempa=\box101
\@tempa=\box102
\@tempa=\box103
\@tempa=\box104
\@tempa=\box105
\@tempa=\box106
\@tempa=\box107
\@tempa=\box108
\@tempa=\box109
\@tempa=\box110
\@tempa=\box111
\@tempa=\box112
\c@minrows=\count323
\c@columnbadness=\count324
\c@finalcolumnbadness=\count325
\last@try=\dimen283
\multicolovershoot=\dimen284
\multicolundershoot=\dimen285
\mult@nat@firstbox=\box113
\colbreak@box=\box114
\mc@col@check@num=\count326
)
(/usr/share/texmf-dist/tex/latex/float/float.sty
Package: float 2001/11/08 v1.3d Float enhancements (AL)
\c@float@type=\count327
\float@exts=\toks39
\float@box=\box115
\@float@everytoks=\toks40
\@floatcapt=\box116
)
(/usr/share/texmf-dist/tex/latex/comment/comment.sty
\CommentStream=\write4

Excluding comment 'comment') (/usr/share/texmf-dist/tex/latex/cancel/cancel.sty
Package: cancel 2013/04/12 v2.2 Cancel math terms
) (/usr/share/texmf-dist/tex/latex/listings/listings.sty
\lst@mode=\count328
\lst@gtempboxa=\box117
\lst@token=\toks41
\lst@length=\count329
\lst@currlwidth=\dimen286
\lst@column=\count330
\lst@pos=\count331
\lst@lostspace=\dimen287
\lst@width=\dimen288
\lst@newlines=\count332
\lst@lineno=\count333
\lst@maxwidth=\dimen289

(/usr/share/texmf-dist/tex/latex/listings/lstpatch.sty
File: lstpatch.sty 2024/09/23 1.10c (Carsten Heinz)
)
(/usr/share/texmf-dist/tex/latex/listings/lstmisc.sty
File: lstmisc.sty 2024/09/23 1.10c (Carsten Heinz)
\c@lstnumber=\count334
\lst@skipnumbers=\count335
\lst@framebox=\box118
)
(/usr/share/texmf-dist/tex/latex/listings/listings.cfg
File: listings.cfg 2024/09/23 1.10c listings configuration
))
Package: listings 2024/09/23 1.10c (Carsten Heinz)
 (./arduinoLanguage.tex (/usr/share/texmf-dist/tex/latex/psnfss/courier.sty
Package: courier 2020/03/25 PSNFSS-v9.3 (WaS) 
))
\questnum=\count336
\answnum=\count337
\explnum=\count338

(/usr/share/texmf-dist/tex/latex/l3backend/l3backend-pdftex.def
File: l3backend-pdftex.def 2024-05-08 L3 backend support: PDF output (pdfTeX)
\l__color_backend_stack_int=\count339
\l__pdf_internal_box=\box119
)
(./lUltralydtransmitter.aux)
\openout1 = `lUltralydtransmitter.aux'.

LaTeX Font Info:    Checking defaults for OML/cmm/m/it on input line 77.
LaTeX Font Info:    ... okay on input line 77.
LaTeX Font Info:    Checking defaults for OMS/cmsy/m/n on input line 77.
LaTeX Font Info:    ... okay on input line 77.
LaTeX Font Info:    Checking defaults for OT1/cmr/m/n on input line 77.
LaTeX Font Info:    ... okay on input line 77.
LaTeX Font Info:    Checking defaults for T1/cmr/m/n on input line 77.
LaTeX Font Info:    ... okay on input line 77.
LaTeX Font Info:    Checking defaults for TS1/cmr/m/n on input line 77.
LaTeX Font Info:    ... okay on input line 77.
LaTeX Font Info:    Checking defaults for OMX/cmex/m/n on input line 77.
LaTeX Font Info:    ... okay on input line 77.
LaTeX Font Info:    Checking defaults for U/cmr/m/n on input line 77.
LaTeX Font Info:    ... okay on input line 77.
LaTeX Font Info:    Checking defaults for PD1/pdf/m/n on input line 77.
LaTeX Font Info:    ... okay on input line 77.
LaTeX Font Info:    Checking defaults for PU/pdf/m/n on input line 77.
LaTeX Font Info:    ... okay on input line 77.

*geometry* driver: auto-detecting
*geometry* detected driver: pdftex
*geometry* verbose mode - [ preamble ] result:
* driver: pdftex
* paper: a4paper
* layout: <same size as paper>
* layoutoffset:(h,v)=(0.0pt,0.0pt)
* modes: 
* h-part:(L,W,R)=(56.9055pt, 483.69684pt, 56.90553pt)
* v-part:(T,H,B)=(56.9055pt, 731.23582pt, 56.90552pt)
* \paperwidth=597.50787pt
* \paperheight=845.04684pt
* \textwidth=455.24408pt
* \textheight=731.23582pt
* \oddsidemargin=-14.22636pt
* \evensidemargin=-14.22636pt
* \topmargin=-52.36449pt
* \headheight=12.0pt
* \headsep=25.0pt
* \topskip=12.0pt
* \footskip=30.0pt
* \marginparwidth=35.0pt
* \marginparsep=10.0pt
* \columnsep=10.0pt
* \skip\footins=10.8pt plus 4.0pt minus 2.0pt
* \hoffset=0.0pt
* \voffset=0.0pt
* \mag=1000
* \@twocolumnfalse
* \@twosidefalse
* \@mparswitchfalse
* \@reversemarginfalse
* (1in=72.27pt=25.4mm, 1cm=28.453pt)

(/usr/share/texmf-dist/tex/context/base/mkii/supp-pdf.mkii
[Loading MPS to PDF converter (version 2006.09.02).]
\scratchcounter=\count340
\scratchdimen=\dimen290
\scratchbox=\box120
\nofMPsegments=\count341
\nofMParguments=\count342
\everyMPshowfont=\toks42
\MPscratchCnt=\count343
\MPscratchDim=\dimen291
\MPnumerator=\count344
\makeMPintoPDFobject=\count345
\everyMPtoPDFconversion=\toks43
) (/usr/share/texmf-dist/tex/latex/pdflscape/pdflscape.sty
Package: pdflscape 2022-10-27 v0.13 Display of landscape pages in PDF

(/usr/share/texmf-dist/tex/latex/pdflscape/pdflscape-nometadata.sty
Package: pdflscape-nometadata 2022-10-28 v0.13 Display of landscape pages in PD
F (HO)

(/usr/share/texmf-dist/tex/latex/graphics/lscape.sty
Package: lscape 2020/05/28 v3.02 Landscape Pages (DPC)
)
Package pdflscape Info: Auto-detected driver: pdftex on input line 81.
))
Package hyperref Info: Link coloring OFF on input line 77.

(./lUltralydtransmitter.out) (./lUltralydtransmitter.out)
\@outlinefile=\write5
\openout5 = `lUltralydtransmitter.out'.

\c@lstlisting=\count346
)

[1

{/var/lib/texmf/fonts/map/pdftex/updmap/pdftex.map}{/usr/share/texmf-dist/fonts
/enc/dvips/cm-super/cm-super-t1.enc}{/usr/share/texmf-dist/fonts/enc/dvips/cm-s
uper/cm-super-ts1.enc}]
LaTeX Font Info:    External font `cmex10' loaded for size
(Font)              <12> on input line 80.
LaTeX Font Info:    External font `cmex10' loaded for size
(Font)              <8> on input line 80.
LaTeX Font Info:    External font `cmex10' loaded for size
(Font)              <6> on input line 80.
Package epstopdf Info: Source file: <lUltralydtransmitterx03.eps>
(epstopdf)                    date: 2023-02-05 16:07:01
(epstopdf)                    size: 12351 bytes
(epstopdf)             Output file: <lUltralydtransmitterx03-eps-converted-to.p
df>
(epstopdf)                    date: 2024-01-28 18:43:35
(epstopdf)                    size: 9555 bytes
(epstopdf)             Command: <repstopdf --outfile=lUltralydtransmitterx03-ep
s-converted-to.pdf lUltralydtransmitterx03.eps>
(epstopdf)             \includegraphics on input line 80.
Package epstopdf Info: Output file is already uptodate.
<lUltralydtransmitterx03-eps-converted-to.pdf, id=17, 177.66376pt x 224.84pt>
File: lUltralydtransmitterx03-eps-converted-to.pdf Graphic file (type pdf)
<use lUltralydtransmitterx03-eps-converted-to.pdf>
Package pdftex.def Info: lUltralydtransmitterx03-eps-converted-to.pdf  used on 
input line 80.
(pdftex.def)             Requested size: 256.0748pt x 324.08154pt.
LaTeX Font Info:    Trying to load font information for T1+pcr on input line 81
.
 (/usr/share/texmf-dist/tex/latex/psnfss/t1pcr.fd
File: t1pcr.fd 2001/06/04 font definitions for T1/pcr.
)
Package epstopdf Info: Source file: <lUltralydtransmitterx04.eps>
(epstopdf)                    date: 2023-02-05 16:07:01
(epstopdf)                    size: 19428 bytes
(epstopdf)             Output file: <lUltralydtransmitterx04-eps-converted-to.p
df>
(epstopdf)                    date: 2024-01-28 18:43:36
(epstopdf)                    size: 9597 bytes
(epstopdf)             Command: <repstopdf --outfile=lUltralydtransmitterx04-ep
s-converted-to.pdf lUltralydtransmitterx04.eps>
(epstopdf)             \includegraphics on input line 85.
Package epstopdf Info: Output file is already uptodate.
<lUltralydtransmitterx04-eps-converted-to.pdf, id=18, 206.7725pt x 257.96375pt>

File: lUltralydtransmitterx04-eps-converted-to.pdf Graphic file (type pdf)
<use lUltralydtransmitterx04-eps-converted-to.pdf>
Package pdftex.def Info: lUltralydtransmitterx04-eps-converted-to.pdf  used on 
input line 85.
(pdftex.def)             Requested size: 227.62204pt x 283.98141pt.


[2{/usr/share/texmf-dist/fonts/enc/dvips/base/8r.enc} <./lUltralydtransmitterx0
3-eps-converted-to.pdf>]
<lUltralydtransmitterx05.png, id=34, 383.93437pt x 241.40187pt>
File: lUltralydtransmitterx05.png Graphic file (type png)
<use lUltralydtransmitterx05.png>
Package pdftex.def Info: lUltralydtransmitterx05.png  used on input line 87.
(pdftex.def)             Requested size: 284.52756pt x 178.91084pt.


[3 <./lUltralydtransmitterx04-eps-converted-to.pdf> <./lUltralydtransmitterx05.
png>] (/usr/share/texmf-dist/tex/latex/listings/lstlang1.sty
File: lstlang1.sty 2024/09/23 1.10c listings language file
)
(/usr/share/texmf-dist/tex/latex/listings/lstlang1.sty
File: lstlang1.sty 2024/09/23 1.10c listings language file
)
(/usr/share/texmf-dist/tex/latex/listings/lstmisc.sty
File: lstmisc.sty 2024/09/23 1.10c (Carsten Heinz)
)

[4]
Package epstopdf Info: Source file: <./lUltralydtransmitterx0202.eps>
(epstopdf)                    date: 2023-02-05 16:07:01
(epstopdf)                    size: 22478 bytes
(epstopdf)             Output file: <./lUltralydtransmitterx0202-eps-converted-
to.pdf>
(epstopdf)                    date: 2024-01-28 18:43:36
(epstopdf)                    size: 11231 bytes
(epstopdf)             Command: <repstopdf --outfile=./lUltralydtransmitterx020
2-eps-converted-to.pdf ./lUltralydtransmitterx0202.eps>
(epstopdf)             \includegraphics on input line 142.
Package epstopdf Info: Output file is already uptodate.
<./lUltralydtransmitterx0202-eps-converted-to.pdf, id=76, 225.84375pt x 382.428
76pt>
File: ./lUltralydtransmitterx0202-eps-converted-to.pdf Graphic file (type pdf)
<use ./lUltralydtransmitterx0202-eps-converted-to.pdf>
Package pdftex.def Info: ./lUltralydtransmitterx0202-eps-converted-to.pdf  used
 on input line 142.
(pdftex.def)             Requested size: 256.0748pt x 433.67416pt.


[5 <./lUltralydtransmitterx0202-eps-converted-to.pdf>]
<./lUltralydtransmitterx0211.jpg, id=86, 979.66pt x 3287.28125pt>
File: ./lUltralydtransmitterx0211.jpg Graphic file (type jpg)
<use ./lUltralydtransmitterx0211.jpg>
Package pdftex.def Info: ./lUltralydtransmitterx0211.jpg  used on input line 16
0.
(pdftex.def)             Requested size: 50.86935pt x 170.71652pt.
<./lUltralydtransmitterx0212.jpg, id=87, 808.01875pt x 3505.095pt>
File: ./lUltralydtransmitterx0212.jpg Graphic file (type jpg)
<use ./lUltralydtransmitterx0212.jpg>
Package pdftex.def Info: ./lUltralydtransmitterx0212.jpg  used on input line 16
1.
(pdftex.def)             Requested size: 39.34297pt x 170.71652pt.
<./lUltralydtransmitterx0213.jpg, id=88, 1089.06876pt x 3625.545pt>
File: ./lUltralydtransmitterx0213.jpg Graphic file (type jpg)
<use ./lUltralydtransmitterx0213.jpg>
Package pdftex.def Info: ./lUltralydtransmitterx0213.jpg  used on input line 16
2.
(pdftex.def)             Requested size: 51.26599pt x 170.71652pt.
<./lUltralydtransmitterx0214.jpg, id=89, 1038.88126pt x 3289.28876pt>
File: ./lUltralydtransmitterx0214.jpg Graphic file (type jpg)
<use ./lUltralydtransmitterx0214.jpg>
Package pdftex.def Info: ./lUltralydtransmitterx0214.jpg  used on input line 16
3.
(pdftex.def)             Requested size: 53.91275pt x 170.71652pt.
<./lUltralydtransmitterx0215.jpg, id=90, 942.52126pt x 3383.64125pt>
File: ./lUltralydtransmitterx0215.jpg Graphic file (type jpg)
<use ./lUltralydtransmitterx0215.jpg>
Package pdftex.def Info: ./lUltralydtransmitterx0215.jpg  used on input line 16
4.
(pdftex.def)             Requested size: 47.54588pt x 170.71652pt.
<./lUltralydtransmitterx0216.jpg, id=91, 959.585pt x 3565.32pt>
File: ./lUltralydtransmitterx0216.jpg Graphic file (type jpg)
<use ./lUltralydtransmitterx0216.jpg>
Package pdftex.def Info: ./lUltralydtransmitterx0216.jpg  used on input line 16
5.
(pdftex.def)             Requested size: 45.94681pt x 170.71652pt.
<./lUltralydtransmitterx0217.jpg, id=92, 1244.65pt x 3417.76875pt>
File: ./lUltralydtransmitterx0217.jpg Graphic file (type jpg)
<use ./lUltralydtransmitterx0217.jpg>
Package pdftex.def Info: ./lUltralydtransmitterx0217.jpg  used on input line 16
6.
(pdftex.def)             Requested size: 62.16017pt x 170.71652pt.
<./lUltralydtransmitterx0218.jpg, id=93, 823.075pt x 3071.475pt>
File: ./lUltralydtransmitterx0218.jpg Graphic file (type jpg)
<use ./lUltralydtransmitterx0218.jpg>
Package pdftex.def Info: ./lUltralydtransmitterx0218.jpg  used on input line 16
7.
(pdftex.def)             Requested size: 45.74022pt x 170.71652pt.
<./lUltralydtransmitterx0219.jpg, id=94, 977.6525pt x 3043.37pt>
File: ./lUltralydtransmitterx0219.jpg Graphic file (type jpg)
<use ./lUltralydtransmitterx0219.jpg>
Package pdftex.def Info: ./lUltralydtransmitterx0219.jpg  used on input line 16
8.
(pdftex.def)             Requested size: 54.83766pt x 170.71652pt.

Overfull \hbox (17.26164pt too wide) in paragraph at lines 160--169
[]$[]$ $[]$ $[]$ $[]$ $[]$ $[]$ $[]$ $[]$ $[]$ 
 []

<./lUltralydtransmitterx0221.png, id=95, 581.9306pt x 326.78609pt>
File: ./lUltralydtransmitterx0221.png Graphic file (type png)
<use ./lUltralydtransmitterx0221.png>
Package pdftex.def Info: ./lUltralydtransmitterx0221.png  used on input line 18
9.
(pdftex.def)             Requested size: 455.24408pt x 255.65004pt.


[6 <./lUltralydtransmitterx0211.jpg> <./lUltralydtransmitterx0212.jpg> <./lUltr
alydtransmitterx0213.jpg> <./lUltralydtransmitterx0214.jpg> <./lUltralydtransmi
tterx0215.jpg> <./lUltralydtransmitterx0216.jpg> <./lUltralydtransmitterx0217.j
pg> <./lUltralydtransmitterx0218.jpg> <./lUltralydtransmitterx0219.jpg>]
<./lUltralydtransmitterx0222.png, id=108, 581.9306pt x 328.67139pt>
File: ./lUltralydtransmitterx0222.png Graphic file (type png)
<use ./lUltralydtransmitterx0222.png>
Package pdftex.def Info: ./lUltralydtransmitterx0222.png  used on input line 19
2.
(pdftex.def)             Requested size: 455.24408pt x 257.12494pt.


[7 <./lUltralydtransmitterx0221.png> <./lUltralydtransmitterx0222.png>]

[8]
<./lUltralydtransmitter0302.jpg, id=145, 1282.7925pt x 801.99625pt>
File: ./lUltralydtransmitter0302.jpg Graphic file (type jpg)
<use ./lUltralydtransmitter0302.jpg>
Package pdftex.def Info: ./lUltralydtransmitter0302.jpg  used on input line 247
.
(pdftex.def)             Requested size: 227.62204pt x 142.2972pt.
File: ./lUltralydtransmitter0302.jpg Graphic file (type jpg)
<use ./lUltralydtransmitter0302.jpg>
Package pdftex.def Info: ./lUltralydtransmitter0302.jpg  used on input line 249
.
(pdftex.def)             Requested size: 227.62204pt x 142.2972pt.
<./lUltralydtransmitter0303.jpg, id=146, 843.15pt x 777.90625pt>
File: ./lUltralydtransmitter0303.jpg Graphic file (type jpg)
<use ./lUltralydtransmitter0303.jpg>
Package pdftex.def Info: ./lUltralydtransmitter0303.jpg  used on input line 251
.
(pdftex.def)             Requested size: 227.62204pt x 210.00188pt.


[9 <./lUltralydtransmitter0302.jpg>]
<./lUltralydtransmitter0304.jpg, id=155, 792.9625pt x 725.71124pt>
File: ./lUltralydtransmitter0304.jpg Graphic file (type jpg)
<use ./lUltralydtransmitter0304.jpg>
Package pdftex.def Info: ./lUltralydtransmitter0304.jpg  used on input line 253
.
(pdftex.def)             Requested size: 227.62204pt x 208.31369pt.
<./lUltralydtransmitter0305.jpg, id=156, 638.385pt x 541.02126pt>
File: ./lUltralydtransmitter0305.jpg Graphic file (type jpg)
<use ./lUltralydtransmitter0305.jpg>
Package pdftex.def Info: ./lUltralydtransmitter0305.jpg  used on input line 254
.
(pdftex.def)             Requested size: 227.62204pt x 192.9018pt.
<./lUltralydtransmitter0306.jpg, id=157, 1266.7325pt x 1463.4675pt>
File: ./lUltralydtransmitter0306.jpg Graphic file (type jpg)
<use ./lUltralydtransmitter0306.jpg>
Package pdftex.def Info: ./lUltralydtransmitter0306.jpg  used on input line 256
.
(pdftex.def)             Requested size: 227.62204pt x 262.96617pt.


[10 <./lUltralydtransmitter0303.jpg> <./lUltralydtransmitter0304.jpg> <./lUltra
lydtransmitter0305.jpg>]
Package epstopdf Info: Source file: <./lUltralydtransmitterx0202.eps>
(epstopdf)                    date: 2023-02-05 16:07:01
(epstopdf)                    size: 22478 bytes
(epstopdf)             Output file: <./lUltralydtransmitterx0202-eps-converted-
to.pdf>
(epstopdf)                    date: 2024-01-28 18:43:36
(epstopdf)                    size: 11231 bytes
(epstopdf)             Command: <repstopdf --outfile=./lUltralydtransmitterx020
2-eps-converted-to.pdf ./lUltralydtransmitterx0202.eps>
(epstopdf)             \includegraphics on input line 261.
Package epstopdf Info: Output file is already uptodate.
File: ./lUltralydtransmitterx0202-eps-converted-to.pdf Graphic file (type pdf)
<use ./lUltralydtransmitterx0202-eps-converted-to.pdf>
Package pdftex.def Info: ./lUltralydtransmitterx0202-eps-converted-to.pdf  used
 on input line 261.
(pdftex.def)             Requested size: 256.0748pt x 433.67416pt.


[11 <./lUltralydtransmitter0306.jpg>]

[12]
Package epstopdf Info: Source file: <./rotaryencoder.eps>
(epstopdf)                    date: 2023-02-05 16:07:01
(epstopdf)                    size: 14397 bytes
(epstopdf)             Output file: <./rotaryencoder-eps-converted-to.pdf>
(epstopdf)                    date: 2024-01-28 18:43:36
(epstopdf)                    size: 7788 bytes
(epstopdf)             Command: <repstopdf --outfile=./rotaryencoder-eps-conver
ted-to.pdf ./rotaryencoder.eps>
(epstopdf)             \includegraphics on input line 318.
Package epstopdf Info: Output file is already uptodate.
<./rotaryencoder-eps-converted-to.pdf, id=177, 179.67125pt x 202.7575pt>
File: ./rotaryencoder-eps-converted-to.pdf Graphic file (type pdf)
<use ./rotaryencoder-eps-converted-to.pdf>
Package pdftex.def Info: ./rotaryencoder-eps-converted-to.pdf  used on input li
ne 318.
(pdftex.def)             Requested size: 256.0748pt x 289.0005pt.
<./lUltralydtransmitterx0501.jpg, id=178, 966.61125pt x 1018.80624pt>
File: ./lUltralydtransmitterx0501.jpg Graphic file (type jpg)
<use ./lUltralydtransmitterx0501.jpg>
Package pdftex.def Info: ./lUltralydtransmitterx0501.jpg  used on input line 32
6.
(pdftex.def)             Requested size: 227.62204pt x 239.90141pt.
<./lUltralydtransmitterx0502.jpg, id=179, 629.35126pt x 781.92125pt>
File: ./lUltralydtransmitterx0502.jpg Graphic file (type jpg)
<use ./lUltralydtransmitterx0502.jpg>
Package pdftex.def Info: ./lUltralydtransmitterx0502.jpg  used on input line 32
7.
(pdftex.def)             Requested size: 227.62204pt x 282.80386pt.

Overfull \hbox (2.61049pt too wide) in paragraph at lines 326--329
[]$[]$ $[]$
 []



[13 <./rotaryencoder-eps-converted-to.pdf>]
<./lUltralydtransmitterx0503.jpg, id=193, 1991.44pt x 1130.2225pt>
File: ./lUltralydtransmitterx0503.jpg Graphic file (type jpg)
<use ./lUltralydtransmitterx0503.jpg>
Package pdftex.def Info: ./lUltralydtransmitterx0503.jpg  used on input line 33
0.
(pdftex.def)             Requested size: 227.62204pt x 129.17091pt.
<./lUltralydtransmitterx0504.jpg, id=194, 868.24374pt x 726.715pt>
File: ./lUltralydtransmitterx0504.jpg Graphic file (type jpg)
<use ./lUltralydtransmitterx0504.jpg>
Package pdftex.def Info: ./lUltralydtransmitterx0504.jpg  used on input line 33
1.
(pdftex.def)             Requested size: 227.62204pt x 190.51604pt.

Overfull \hbox (2.61049pt too wide) in paragraph at lines 330--332
[]$[]$ $[]$ 
 []

<./lUltralydtransmitterx0505.jpg, id=195, 1478.52374pt x 1374.13374pt>
File: ./lUltralydtransmitterx0505.jpg Graphic file (type jpg)
<use ./lUltralydtransmitterx0505.jpg>
Package pdftex.def Info: ./lUltralydtransmitterx0505.jpg  used on input line 33
6.
(pdftex.def)             Requested size: 227.62204pt x 211.54176pt.
<./lUltralydtransmitterx0506.jpg, id=196, 2174.1225pt x 1669.23625pt>
File: ./lUltralydtransmitterx0506.jpg Graphic file (type jpg)
<use ./lUltralydtransmitterx0506.jpg>
Package pdftex.def Info: ./lUltralydtransmitterx0506.jpg  used on input line 33
7.
(pdftex.def)             Requested size: 227.62204pt x 174.75284pt.

Overfull \hbox (2.61049pt too wide) in paragraph at lines 336--338
[]$[]$ $[]$ 
 []



[14 <./lUltralydtransmitterx0501.jpg> <./lUltralydtransmitterx0502.jpg> <./lUlt
ralydtransmitterx0503.jpg> <./lUltralydtransmitterx0504.jpg>]
<./lUltralydtransmitterx0507.jpg, id=201, 985.6825pt x 1262.7175pt>
File: ./lUltralydtransmitterx0507.jpg Graphic file (type jpg)
<use ./lUltralydtransmitterx0507.jpg>
Package pdftex.def Info: ./lUltralydtransmitterx0507.jpg  used on input line 34
2.
(pdftex.def)             Requested size: 227.62204pt x 291.59424pt.
<./lUltralydtransmitterx0508.jpg, id=202, 3594.42876pt x 1210.5225pt>
File: ./lUltralydtransmitterx0508.jpg Graphic file (type jpg)
<use ./lUltralydtransmitterx0508.jpg>
Package pdftex.def Info: ./lUltralydtransmitterx0508.jpg  used on input line 34
3.
(pdftex.def)             Requested size: 227.62204pt x 76.6549pt.

Overfull \hbox (2.61049pt too wide) in paragraph at lines 342--344
[]$[]$ $[]$ 
 []

Package epstopdf Info: Source file: <./lUltralydtransmitterx02.eps>
(epstopdf)                    date: 2023-02-05 16:07:01
(epstopdf)                    size: 23911 bytes
(epstopdf)             Output file: <./lUltralydtransmitterx02-eps-converted-to
.pdf>
(epstopdf)                    date: 2024-01-28 18:43:37
(epstopdf)                    size: 13263 bytes
(epstopdf)             Command: <repstopdf --outfile=./lUltralydtransmitterx02-
eps-converted-to.pdf ./lUltralydtransmitterx02.eps>
(epstopdf)             \includegraphics on input line 352.
Package epstopdf Info: Output file is already uptodate.
<./lUltralydtransmitterx02-eps-converted-to.pdf, id=203, 225.84375pt x 387.4475
pt>
File: ./lUltralydtransmitterx02-eps-converted-to.pdf Graphic file (type pdf)
<use ./lUltralydtransmitterx02-eps-converted-to.pdf>
Package pdftex.def Info: ./lUltralydtransmitterx02-eps-converted-to.pdf  used o
n input line 352.
(pdftex.def)             Requested size: 256.0748pt x 439.36542pt.


[15 <./lUltralydtransmitterx0505.jpg> <./lUltralydtransmitterx0506.jpg> <./lUlt
ralydtransmitterx0507.jpg> <./lUltralydtransmitterx0508.jpg>]
<./lUltralydtransmitterx0509.png, id=209, 379.4175pt x 236.885pt>
File: ./lUltralydtransmitterx0509.png Graphic file (type png)
<use ./lUltralydtransmitterx0509.png>
Package pdftex.def Info: ./lUltralydtransmitterx0509.png  used on input line 35
6.
(pdftex.def)             Requested size: 227.62204pt x 142.11401pt.


[16 <./lUltralydtransmitterx02-eps-converted-to.pdf> <./lUltralydtransmitterx05
09.png>]

[17]

[18] (./lUltralydtransmitter.aux)
 ***********
LaTeX2e <2024-11-01> patch level 2
L3 programming layer <2025-01-18>
 ***********
Package rerunfilecheck Info: File `lUltralydtransmitter.out' has not changed.
(rerunfilecheck)             Checksum: D41D8CD98F00B204E9800998ECF8427E;0.
 ) 
Here is how much of TeX's memory you used:
 24910 strings out of 474560
 459121 string characters out of 5750494
 1159820 words of memory out of 5000000
 47385 multiletter control sequences out of 15000+600000
 566383 words of font info for 53 fonts, out of 8000000 for 9000
 350 hyphenation exceptions out of 8191
 85i,6n,87p,480b,1972s stack positions out of 10000i,1000n,20000p,200000b,200000s
</usr/share/texmf-dist/fonts/type1/public/amsfonts/cm/cmr12.pfb></usr/share/t
exmf-dist/fonts/type1/public/amsfonts/cm/cmr8.pfb></usr/share/texmf-dist/fonts/
type1/public/amsfonts/cm/cmsy10.pfb></usr/share/texmf-dist/fonts/type1/public/c
m-super/sfbx1440.pfb></usr/share/texmf-dist/fonts/type1/public/cm-super/sfbx172
8.pfb></usr/share/texmf-dist/fonts/type1/public/cm-super/sfrm1200.pfb></usr/sha
re/texmf-dist/fonts/type1/urw/courier/ucrr8a.pfb>
Output written on lUltralydtransmitter.pdf (18 pages, 7381500 bytes).
PDF statistics:
 354 PDF objects out of 1000 (max. 8388607)
 276 compressed objects within 3 object streams
 146 named destinations out of 1000 (max. 500000)
 168 words of extra memory for PDF output out of 10000 (max. 10000000)

