This is pdfTeX, Version 3.141592653-2.6-1.40.27 (TeX Live 2026/dev/Arch Linux) (preloaded format=pdflatex 2026.1.11)  24 JAN 2026 12:18
entering extended mode
 restricted \write18 enabled.
 %&-line parsing enabled.
**pContinuousTemperatureMeasurement.tex
(./pContinuousTemperatureMeasurement.tex
LaTeX2e <2024-11-01> patch level 2
L3 programming layer <2025-01-18>
(/usr/share/texmf-dist/tex/latex/beamer/beamer.cls
Document Class: beamer 2025/02/04 v3.72 A class for typesetting presentations
(/usr/share/texmf-dist/tex/latex/beamer/beamerbasemodes.sty
(/usr/share/texmf-dist/tex/latex/etoolbox/etoolbox.sty
Package: etoolbox 2025/02/11 v2.5l e-TeX tools for LaTeX (JAW)
\etb@tempcnta=\count196
)
\beamer@tempbox=\box52
\beamer@tempcount=\count197
\c@beamerpauses=\count198

(/usr/share/texmf-dist/tex/latex/beamer/beamerbasedecode.sty
\beamer@slideinframe=\count199
\beamer@minimum=\count266
\beamer@decode@box=\box53
)
\beamer@commentbox=\box54
\beamer@modecount=\count267
)
(/usr/share/texmf-dist/tex/generic/iftex/iftex.sty
Package: iftex 2024/12/12 v1.0g TeX engine tests
)
\headdp=\dimen141
\footheight=\dimen142
\sidebarheight=\dimen143
\beamer@tempdim=\dimen144
\beamer@finalheight=\dimen145
\beamer@animht=\dimen146
\beamer@animdp=\dimen147
\beamer@animwd=\dimen148
\beamer@leftmargin=\dimen149
\beamer@rightmargin=\dimen150
\beamer@leftsidebar=\dimen151
\beamer@rightsidebar=\dimen152
\beamer@boxsize=\dimen153
\beamer@vboxoffset=\dimen154
\beamer@descdefault=\dimen155
\beamer@descriptionwidth=\dimen156
\beamer@lastskip=\skip49
\beamer@areabox=\box55
\beamer@animcurrent=\box56
\beamer@animshowbox=\box57
\beamer@sectionbox=\box58
\beamer@logobox=\box59
\beamer@linebox=\box60
\beamer@sectioncount=\count268
\beamer@subsubsectionmax=\count269
\beamer@subsectionmax=\count270
\beamer@sectionmax=\count271
\beamer@totalheads=\count272
\beamer@headcounter=\count273
\beamer@partstartpage=\count274
\beamer@sectionstartpage=\count275
\beamer@subsectionstartpage=\count276
\beamer@animationtempa=\count277
\beamer@animationtempb=\count278
\beamer@xpos=\count279
\beamer@ypos=\count280
\beamer@ypos@offset=\count281
\beamer@showpartnumber=\count282
\beamer@currentsubsection=\count283
\beamer@coveringdepth=\count284
\beamer@sectionadjust=\count285
\beamer@toclastsection=\count286
\beamer@tocsectionnumber=\count287

(/usr/share/texmf-dist/tex/latex/beamer/beamerbaseoptions.sty
(/usr/share/texmf-dist/tex/latex/graphics/keyval.sty
Package: keyval 2022/05/29 v1.15 key=value parser (DPC)
\KV@toks@=\toks17
))
\beamer@paperwidth=\skip50
\beamer@paperheight=\skip51

(/usr/share/texmf-dist/tex/latex/geometry/geometry.sty
Package: geometry 2020/01/02 v5.9 Page Geometry

(/usr/share/texmf-dist/tex/generic/iftex/ifvtex.sty
Package: ifvtex 2019/10/25 v1.7 ifvtex legacy package. Use iftex instead.
)
\Gm@cnth=\count288
\Gm@cntv=\count289
\c@Gm@tempcnt=\count290
\Gm@bindingoffset=\dimen157
\Gm@wd@mp=\dimen158
\Gm@odd@mp=\dimen159
\Gm@even@mp=\dimen160
\Gm@layoutwidth=\dimen161
\Gm@layoutheight=\dimen162
\Gm@layouthoffset=\dimen163
\Gm@layoutvoffset=\dimen164
\Gm@dimlist=\toks18
)
(/usr/share/texmf-dist/tex/latex/pgf/math/pgfmath.sty
(/usr/share/texmf-dist/tex/latex/pgf/utilities/pgfrcs.sty
(/usr/share/texmf-dist/tex/generic/pgf/utilities/pgfutil-common.tex
\pgfutil@everybye=\toks19
\pgfutil@tempdima=\dimen165
\pgfutil@tempdimb=\dimen166
)
(/usr/share/texmf-dist/tex/generic/pgf/utilities/pgfutil-latex.def
\pgfutil@abb=\box61
)
(/usr/share/texmf-dist/tex/generic/pgf/utilities/pgfrcs.code.tex
(/usr/share/texmf-dist/tex/generic/pgf/pgf.revision.tex)
Package: pgfrcs 2023-01-15 v3.1.10 (3.1.10)
))
(/usr/share/texmf-dist/tex/latex/pgf/utilities/pgfkeys.sty
(/usr/share/texmf-dist/tex/generic/pgf/utilities/pgfkeys.code.tex
\pgfkeys@pathtoks=\toks20
\pgfkeys@temptoks=\toks21

(/usr/share/texmf-dist/tex/generic/pgf/utilities/pgfkeyslibraryfiltered.code.te
x
\pgfkeys@tmptoks=\toks22
))) (/usr/share/texmf-dist/tex/generic/pgf/math/pgfmath.code.tex
(/usr/share/texmf-dist/tex/generic/pgf/math/pgfmathutil.code.tex
\pgf@x=\dimen167
\pgf@xa=\dimen168
\pgf@xb=\dimen169
\pgf@xc=\dimen170
\pgf@y=\dimen171
\pgf@ya=\dimen172
\pgf@yb=\dimen173
\pgf@yc=\dimen174
\c@pgf@counta=\count291
\c@pgf@countb=\count292
\c@pgf@countc=\count293
\c@pgf@countd=\count294
)
(/usr/share/texmf-dist/tex/generic/pgf/math/pgfmathparser.code.tex
\pgfmath@dimen=\dimen175
\pgfmath@count=\count295
\pgfmath@box=\box62
\pgfmath@toks=\toks23
\pgfmath@stack@operand=\toks24
\pgfmath@stack@operation=\toks25
)
(/usr/share/texmf-dist/tex/generic/pgf/math/pgfmathfunctions.code.tex)
(/usr/share/texmf-dist/tex/generic/pgf/math/pgfmathfunctions.basic.code.tex)
(/usr/share/texmf-dist/tex/generic/pgf/math/pgfmathfunctions.trigonometric.code
.tex)
(/usr/share/texmf-dist/tex/generic/pgf/math/pgfmathfunctions.random.code.tex)
(/usr/share/texmf-dist/tex/generic/pgf/math/pgfmathfunctions.comparison.code.te
x) (/usr/share/texmf-dist/tex/generic/pgf/math/pgfmathfunctions.base.code.tex)
(/usr/share/texmf-dist/tex/generic/pgf/math/pgfmathfunctions.round.code.tex)
(/usr/share/texmf-dist/tex/generic/pgf/math/pgfmathfunctions.misc.code.tex)
(/usr/share/texmf-dist/tex/generic/pgf/math/pgfmathfunctions.integerarithmetics
.code.tex) (/usr/share/texmf-dist/tex/generic/pgf/math/pgfmathcalc.code.tex)
(/usr/share/texmf-dist/tex/generic/pgf/math/pgfmathfloat.code.tex
\c@pgfmathroundto@lastzeros=\count296
)))
(/usr/share/texmf-dist/tex/latex/base/size11.clo
File: size11.clo 2024/06/29 v1.4n Standard LaTeX file (size option)
)
(/usr/share/texmf-dist/tex/latex/pgf/basiclayer/pgfcore.sty
(/usr/share/texmf-dist/tex/latex/graphics/graphicx.sty
Package: graphicx 2021/09/16 v1.2d Enhanced LaTeX Graphics (DPC,SPQR)

(/usr/share/texmf-dist/tex/latex/graphics/graphics.sty
Package: graphics 2024/08/06 v1.4g Standard LaTeX Graphics (DPC,SPQR)

(/usr/share/texmf-dist/tex/latex/graphics/trig.sty
Package: trig 2023/12/02 v1.11 sin cos tan (DPC)
)
(/usr/share/texmf-dist/tex/latex/graphics-cfg/graphics.cfg
File: graphics.cfg 2016/06/04 v1.11 sample graphics configuration
)
Package graphics Info: Driver file: pdftex.def on input line 106.

(/usr/share/texmf-dist/tex/latex/graphics-def/pdftex.def
File: pdftex.def 2024/04/13 v1.2c Graphics/color driver for pdftex
))
\Gin@req@height=\dimen176
\Gin@req@width=\dimen177
)
(/usr/share/texmf-dist/tex/latex/pgf/systemlayer/pgfsys.sty
(/usr/share/texmf-dist/tex/generic/pgf/systemlayer/pgfsys.code.tex
Package: pgfsys 2023-01-15 v3.1.10 (3.1.10)
\pgf@x=\dimen178
\pgf@y=\dimen179
\pgf@xa=\dimen180
\pgf@ya=\dimen181
\pgf@xb=\dimen182
\pgf@yb=\dimen183
\pgf@xc=\dimen184
\pgf@yc=\dimen185
\pgf@xd=\dimen186
\pgf@yd=\dimen187
\w@pgf@writea=\write3
\r@pgf@reada=\read2
\c@pgf@counta=\count297
\c@pgf@countb=\count298
\c@pgf@countc=\count299
\c@pgf@countd=\count300
\t@pgf@toka=\toks26
\t@pgf@tokb=\toks27
\t@pgf@tokc=\toks28
\pgf@sys@id@count=\count301

(/usr/share/texmf-dist/tex/generic/pgf/systemlayer/pgf.cfg
File: pgf.cfg 2023-01-15 v3.1.10 (3.1.10)
)
Driver file for pgf: pgfsys-pdftex.def

(/usr/share/texmf-dist/tex/generic/pgf/systemlayer/pgfsys-pdftex.def
File: pgfsys-pdftex.def 2023-01-15 v3.1.10 (3.1.10)

(/usr/share/texmf-dist/tex/generic/pgf/systemlayer/pgfsys-common-pdf.def
File: pgfsys-common-pdf.def 2023-01-15 v3.1.10 (3.1.10)
)))
(/usr/share/texmf-dist/tex/generic/pgf/systemlayer/pgfsyssoftpath.code.tex
File: pgfsyssoftpath.code.tex 2023-01-15 v3.1.10 (3.1.10)
\pgfsyssoftpath@smallbuffer@items=\count302
\pgfsyssoftpath@bigbuffer@items=\count303
)
(/usr/share/texmf-dist/tex/generic/pgf/systemlayer/pgfsysprotocol.code.tex
File: pgfsysprotocol.code.tex 2023-01-15 v3.1.10 (3.1.10)
))
(/usr/share/texmf-dist/tex/latex/xcolor/xcolor.sty
Package: xcolor 2024/09/29 v3.02 LaTeX color extensions (UK)

(/usr/share/texmf-dist/tex/latex/graphics-cfg/color.cfg
File: color.cfg 2016/01/02 v1.6 sample color configuration
)
Package xcolor Info: Driver file: pdftex.def on input line 274.

(/usr/share/texmf-dist/tex/latex/graphics/mathcolor.ltx)
Package xcolor Info: Model `cmy' substituted by `cmy0' on input line 1349.
Package xcolor Info: Model `hsb' substituted by `rgb' on input line 1353.
Package xcolor Info: Model `RGB' extended on input line 1365.
Package xcolor Info: Model `HTML' substituted by `rgb' on input line 1367.
Package xcolor Info: Model `Hsb' substituted by `hsb' on input line 1368.
Package xcolor Info: Model `tHsb' substituted by `hsb' on input line 1369.
Package xcolor Info: Model `HSB' substituted by `hsb' on input line 1370.
Package xcolor Info: Model `Gray' substituted by `gray' on input line 1371.
Package xcolor Info: Model `wave' substituted by `hsb' on input line 1372.
)
(/usr/share/texmf-dist/tex/latex/graphics/dvipsnam.def
File: dvipsnam.def 2016/06/17 v3.0m Driver-dependent file (DPC,SPQR)
)
(/usr/share/texmf-dist/tex/generic/pgf/basiclayer/pgfcore.code.tex
Package: pgfcore 2023-01-15 v3.1.10 (3.1.10)

(/usr/share/texmf-dist/tex/generic/pgf/math/pgfint.code.tex)
(/usr/share/texmf-dist/tex/generic/pgf/basiclayer/pgfcorepoints.code.tex
File: pgfcorepoints.code.tex 2023-01-15 v3.1.10 (3.1.10)
\pgf@picminx=\dimen188
\pgf@picmaxx=\dimen189
\pgf@picminy=\dimen190
\pgf@picmaxy=\dimen191
\pgf@pathminx=\dimen192
\pgf@pathmaxx=\dimen193
\pgf@pathminy=\dimen194
\pgf@pathmaxy=\dimen195
\pgf@xx=\dimen196
\pgf@xy=\dimen197
\pgf@yx=\dimen198
\pgf@yy=\dimen199
\pgf@zx=\dimen256
\pgf@zy=\dimen257
)
(/usr/share/texmf-dist/tex/generic/pgf/basiclayer/pgfcorepathconstruct.code.tex
File: pgfcorepathconstruct.code.tex 2023-01-15 v3.1.10 (3.1.10)
\pgf@path@lastx=\dimen258
\pgf@path@lasty=\dimen259
) (/usr/share/texmf-dist/tex/generic/pgf/basiclayer/pgfcorepathusage.code.tex
File: pgfcorepathusage.code.tex 2023-01-15 v3.1.10 (3.1.10)
\pgf@shorten@end@additional=\dimen260
\pgf@shorten@start@additional=\dimen261
)
(/usr/share/texmf-dist/tex/generic/pgf/basiclayer/pgfcorescopes.code.tex
File: pgfcorescopes.code.tex 2023-01-15 v3.1.10 (3.1.10)
\pgfpic=\box63
\pgf@hbox=\box64
\pgf@layerbox@main=\box65
\pgf@picture@serial@count=\count304
)
(/usr/share/texmf-dist/tex/generic/pgf/basiclayer/pgfcoregraphicstate.code.tex
File: pgfcoregraphicstate.code.tex 2023-01-15 v3.1.10 (3.1.10)
\pgflinewidth=\dimen262
)
(/usr/share/texmf-dist/tex/generic/pgf/basiclayer/pgfcoretransformations.code.t
ex
File: pgfcoretransformations.code.tex 2023-01-15 v3.1.10 (3.1.10)
\pgf@pt@x=\dimen263
\pgf@pt@y=\dimen264
\pgf@pt@temp=\dimen265
) (/usr/share/texmf-dist/tex/generic/pgf/basiclayer/pgfcorequick.code.tex
File: pgfcorequick.code.tex 2023-01-15 v3.1.10 (3.1.10)
)
(/usr/share/texmf-dist/tex/generic/pgf/basiclayer/pgfcoreobjects.code.tex
File: pgfcoreobjects.code.tex 2023-01-15 v3.1.10 (3.1.10)
)
(/usr/share/texmf-dist/tex/generic/pgf/basiclayer/pgfcorepathprocessing.code.te
x
File: pgfcorepathprocessing.code.tex 2023-01-15 v3.1.10 (3.1.10)
) (/usr/share/texmf-dist/tex/generic/pgf/basiclayer/pgfcorearrows.code.tex
File: pgfcorearrows.code.tex 2023-01-15 v3.1.10 (3.1.10)
\pgfarrowsep=\dimen266
)
(/usr/share/texmf-dist/tex/generic/pgf/basiclayer/pgfcoreshade.code.tex
File: pgfcoreshade.code.tex 2023-01-15 v3.1.10 (3.1.10)
\pgf@max=\dimen267
\pgf@sys@shading@range@num=\count305
\pgf@shadingcount=\count306
)
(/usr/share/texmf-dist/tex/generic/pgf/basiclayer/pgfcoreimage.code.tex
File: pgfcoreimage.code.tex 2023-01-15 v3.1.10 (3.1.10)
)
(/usr/share/texmf-dist/tex/generic/pgf/basiclayer/pgfcoreexternal.code.tex
File: pgfcoreexternal.code.tex 2023-01-15 v3.1.10 (3.1.10)
\pgfexternal@startupbox=\box66
)
(/usr/share/texmf-dist/tex/generic/pgf/basiclayer/pgfcorelayers.code.tex
File: pgfcorelayers.code.tex 2023-01-15 v3.1.10 (3.1.10)
)
(/usr/share/texmf-dist/tex/generic/pgf/basiclayer/pgfcoretransparency.code.tex
File: pgfcoretransparency.code.tex 2023-01-15 v3.1.10 (3.1.10)
) (/usr/share/texmf-dist/tex/generic/pgf/basiclayer/pgfcorepatterns.code.tex
File: pgfcorepatterns.code.tex 2023-01-15 v3.1.10 (3.1.10)
)
(/usr/share/texmf-dist/tex/generic/pgf/basiclayer/pgfcorerdf.code.tex
File: pgfcorerdf.code.tex 2023-01-15 v3.1.10 (3.1.10)
)))
(/usr/share/texmf-dist/tex/latex/pgf/utilities/xxcolor.sty
Package: xxcolor 2003/10/24 ver 0.1
\XC@nummixins=\count307
\XC@countmixins=\count308
)
(/usr/share/texmf-dist/tex/latex/base/atbegshi-ltx.sty
Package: atbegshi-ltx 2021/01/10 v1.0c Emulation of the original atbegshi
package with kernel methods
)
(/usr/share/texmf-dist/tex/latex/hyperref/hyperref.sty
Package: hyperref 2024-11-05 v7.01l Hypertext links for LaTeX

(/usr/share/texmf-dist/tex/latex/kvsetkeys/kvsetkeys.sty
Package: kvsetkeys 2022-10-05 v1.19 Key value parser (HO)
)
(/usr/share/texmf-dist/tex/generic/kvdefinekeys/kvdefinekeys.sty
Package: kvdefinekeys 2019-12-19 v1.6 Define keys (HO)
)
(/usr/share/texmf-dist/tex/generic/pdfescape/pdfescape.sty
Package: pdfescape 2019/12/09 v1.15 Implements pdfTeX's escape features (HO)

(/usr/share/texmf-dist/tex/generic/ltxcmds/ltxcmds.sty
Package: ltxcmds 2023-12-04 v1.26 LaTeX kernel commands for general use (HO)
)
(/usr/share/texmf-dist/tex/generic/pdftexcmds/pdftexcmds.sty
Package: pdftexcmds 2020-06-27 v0.33 Utility functions of pdfTeX for LuaTeX (HO
)

(/usr/share/texmf-dist/tex/generic/infwarerr/infwarerr.sty
Package: infwarerr 2019/12/03 v1.5 Providing info/warning/error messages (HO)
)
Package pdftexcmds Info: \pdf@primitive is available.
Package pdftexcmds Info: \pdf@ifprimitive is available.
Package pdftexcmds Info: \pdfdraftmode found.
))
(/usr/share/texmf-dist/tex/latex/hycolor/hycolor.sty
Package: hycolor 2020-01-27 v1.10 Color options for hyperref/bookmark (HO)
)
(/usr/share/texmf-dist/tex/latex/hyperref/nameref.sty
Package: nameref 2023-11-26 v2.56 Cross-referencing by name of section

(/usr/share/texmf-dist/tex/latex/refcount/refcount.sty
Package: refcount 2019/12/15 v3.6 Data extraction from label references (HO)
)
(/usr/share/texmf-dist/tex/generic/gettitlestring/gettitlestring.sty
Package: gettitlestring 2019/12/15 v1.6 Cleanup title references (HO)

(/usr/share/texmf-dist/tex/latex/kvoptions/kvoptions.sty
Package: kvoptions 2022-06-15 v3.15 Key value format for package options (HO)
))
\c@section@level=\count309
)
(/usr/share/texmf-dist/tex/generic/stringenc/stringenc.sty
Package: stringenc 2019/11/29 v1.12 Convert strings between diff. encodings (HO
)
)
\@linkdim=\dimen268
\Hy@linkcounter=\count310
\Hy@pagecounter=\count311

(/usr/share/texmf-dist/tex/latex/hyperref/pd1enc.def
File: pd1enc.def 2024-11-05 v7.01l Hyperref: PDFDocEncoding definition (HO)
Now handling font encoding PD1 ...
... no UTF-8 mapping file for font encoding PD1
)
(/usr/share/texmf-dist/tex/generic/intcalc/intcalc.sty
Package: intcalc 2019/12/15 v1.3 Expandable calculations with integers (HO)
)
\Hy@SavedSpaceFactor=\count312

(/usr/share/texmf-dist/tex/latex/hyperref/puenc.def
File: puenc.def 2024-11-05 v7.01l Hyperref: PDF Unicode definition (HO)
Now handling font encoding PU ...
... no UTF-8 mapping file for font encoding PU
)
Package hyperref Info: Option `bookmarks' set `true' on input line 4040.
Package hyperref Info: Option `bookmarksopen' set `true' on input line 4040.
Package hyperref Info: Option `implicit' set `false' on input line 4040.
Package hyperref Info: Hyper figures OFF on input line 4157.
Package hyperref Info: Link nesting OFF on input line 4162.
Package hyperref Info: Hyper index ON on input line 4165.
Package hyperref Info: Plain pages OFF on input line 4172.
Package hyperref Info: Backreferencing OFF on input line 4177.
Package hyperref Info: Implicit mode OFF; no redefinition of LaTeX internals.
Package hyperref Info: Bookmarks ON on input line 4424.
\c@Hy@tempcnt=\count313

(/usr/share/texmf-dist/tex/latex/url/url.sty
\Urlmuskip=\muskip17
Package: url 2013/09/16  ver 3.4  Verb mode for urls, etc.
)
LaTeX Info: Redefining \url on input line 4763.
\XeTeXLinkMargin=\dimen269

(/usr/share/texmf-dist/tex/generic/bitset/bitset.sty
Package: bitset 2019/12/09 v1.3 Handle bit-vector datatype (HO)

(/usr/share/texmf-dist/tex/generic/bigintcalc/bigintcalc.sty
Package: bigintcalc 2019/12/15 v1.5 Expandable calculations on big integers (HO
)
))
\Fld@menulength=\count314
\Field@Width=\dimen270
\Fld@charsize=\dimen271
Package hyperref Info: Hyper figures OFF on input line 6042.
Package hyperref Info: Link nesting OFF on input line 6047.
Package hyperref Info: Hyper index ON on input line 6050.
Package hyperref Info: backreferencing OFF on input line 6057.
Package hyperref Info: Link coloring OFF on input line 6062.
Package hyperref Info: Link coloring with OCG OFF on input line 6067.
Package hyperref Info: PDF/A mode OFF on input line 6072.
\Hy@abspage=\count315


Package hyperref Message: Stopped early.

)
Package hyperref Info: Driver (autodetected): hpdftex.
 (/usr/share/texmf-dist/tex/latex/hyperref/hpdftex.def
File: hpdftex.def 2024-11-05 v7.01l Hyperref driver for pdfTeX

(/usr/share/texmf-dist/tex/latex/base/atveryend-ltx.sty
Package: atveryend-ltx 2020/08/19 v1.0a Emulation of the original atveryend pac
kage
with kernel methods
)
\Fld@listcount=\count316
\c@bookmark@seq@number=\count317

(/usr/share/texmf-dist/tex/latex/rerunfilecheck/rerunfilecheck.sty
Package: rerunfilecheck 2022-07-10 v1.10 Rerun checks for auxiliary files (HO)

(/usr/share/texmf-dist/tex/generic/uniquecounter/uniquecounter.sty
Package: uniquecounter 2019/12/15 v1.4 Provide unlimited unique counter (HO)
)
Package uniquecounter Info: New unique counter `rerunfilecheck' on input line 2
85.
))
(/usr/share/texmf-dist/tex/latex/beamer/beamerbaserequires.sty
(/usr/share/texmf-dist/tex/latex/beamer/beamerbasecompatibility.sty)
(/usr/share/texmf-dist/tex/latex/beamer/beamerbasefont.sty
(/usr/share/texmf-dist/tex/latex/amsfonts/amssymb.sty
Package: amssymb 2013/01/14 v3.01 AMS font symbols

(/usr/share/texmf-dist/tex/latex/amsfonts/amsfonts.sty
Package: amsfonts 2013/01/14 v3.01 Basic AMSFonts support
\@emptytoks=\toks29
\symAMSa=\mathgroup4
\symAMSb=\mathgroup5
LaTeX Font Info:    Redeclaring math symbol \hbar on input line 98.
LaTeX Font Info:    Overwriting math alphabet `\mathfrak' in version `bold'
(Font)                  U/euf/m/n --> U/euf/b/n on input line 106.
))
(/usr/share/texmf-dist/tex/latex/sansmathaccent/sansmathaccent.sty
Package: sansmathaccent 2020/01/31

(/usr/share/texmf-dist/tex/latex/koma-script/scrlfile.sty
Package: scrlfile 2024/10/24 v3.43 KOMA-Script package (file load hooks)

(/usr/share/texmf-dist/tex/latex/koma-script/scrlfile-hook.sty
Package: scrlfile-hook 2024/10/24 v3.43 KOMA-Script package (using LaTeX hooks)


(/usr/share/texmf-dist/tex/latex/koma-script/scrlogo.sty
Package: scrlogo 2024/10/24 v3.43 KOMA-Script package (logo)
)))))
(/usr/share/texmf-dist/tex/latex/beamer/beamerbasetranslator.sty
(/usr/share/texmf-dist/tex/latex/translator/translator.sty
Package: translator 2021-05-31 v1.12d Easy translation of strings in LaTeX
))
(/usr/share/texmf-dist/tex/latex/beamer/beamerbasemisc.sty)
(/usr/share/texmf-dist/tex/latex/beamer/beamerbasetwoscreens.sty)
(/usr/share/texmf-dist/tex/latex/beamer/beamerbaseoverlay.sty
\beamer@argscount=\count318
\beamer@lastskipcover=\skip52
\beamer@trivlistdepth=\count319
)
(/usr/share/texmf-dist/tex/latex/beamer/beamerbasetitle.sty)
(/usr/share/texmf-dist/tex/latex/beamer/beamerbasesection.sty
\c@lecture=\count320
\c@part=\count321
\c@section=\count322
\c@subsection=\count323
\c@subsubsection=\count324
)
(/usr/share/texmf-dist/tex/latex/beamer/beamerbaseframe.sty
\beamer@framebox=\box67
\beamer@frametitlebox=\box68
\beamer@zoombox=\box69
\beamer@zoomcount=\count325
\beamer@zoomframecount=\count326
\beamer@frametextheight=\dimen272
\c@subsectionslide=\count327
\beamer@frametopskip=\skip53
\beamer@framebottomskip=\skip54
\beamer@frametopskipautobreak=\skip55
\beamer@framebottomskipautobreak=\skip56
\beamer@envbody=\toks30
\framewidth=\dimen273
\c@framenumber=\count328
)
(/usr/share/texmf-dist/tex/latex/beamer/beamerbaseverbatim.sty
\beamer@verbatimfileout=\write4
)
(/usr/share/texmf-dist/tex/latex/beamer/beamerbaseframesize.sty
\beamer@splitbox=\box70
\beamer@autobreakcount=\count329
\beamer@autobreaklastheight=\dimen274
\beamer@frametitletoks=\toks31
\beamer@framesubtitletoks=\toks32
)
(/usr/share/texmf-dist/tex/latex/beamer/beamerbaseframecomponents.sty
\beamer@footins=\box71
)
(/usr/share/texmf-dist/tex/latex/beamer/beamerbasecolor.sty)
(/usr/share/texmf-dist/tex/latex/beamer/beamerbasenotes.sty
\beamer@frameboxcopy=\box72
)
(/usr/share/texmf-dist/tex/latex/beamer/beamerbasetoc.sty)
(/usr/share/texmf-dist/tex/latex/beamer/beamerbasetemplates.sty
\beamer@sbttoks=\toks33

(/usr/share/texmf-dist/tex/latex/beamer/beamerbaseauxtemplates.sty
(/usr/share/texmf-dist/tex/latex/beamer/beamerbaseboxes.sty
\bmb@box=\box73
\bmb@colorbox=\box74
\bmb@boxwidth=\dimen275
\bmb@boxheight=\dimen276
\bmb@prevheight=\dimen277
\bmb@temp=\dimen278
\bmb@dima=\dimen279
\bmb@dimb=\dimen280
\bmb@prevheight=\dimen281
)
\beamer@blockheadheight=\dimen282
))
(/usr/share/texmf-dist/tex/latex/beamer/beamerbaselocalstructure.sty
(/usr/share/texmf-dist/tex/latex/tools/enumerate.sty
Package: enumerate 2023/07/04 v3.00 enumerate extensions (DPC)
\@enLab=\toks34
)
\beamer@bibiconwidth=\skip57
\c@figure=\count330
\c@table=\count331
\abovecaptionskip=\skip58
\belowcaptionskip=\skip59
)
(/usr/share/texmf-dist/tex/latex/beamer/beamerbasenavigation.sty
(/usr/share/texmf-dist/tex/latex/beamer/beamerbasenavigationsymbols.tex)
\beamer@section@min@dim=\dimen283
)
(/usr/share/texmf-dist/tex/latex/beamer/beamerbasetheorems.sty
(/usr/share/texmf-dist/tex/latex/amsmath/amsmath.sty
Package: amsmath 2024/11/05 v2.17t AMS math features
\@mathmargin=\skip60

For additional information on amsmath, use the `?' option.
(/usr/share/texmf-dist/tex/latex/amsmath/amstext.sty
Package: amstext 2021/08/26 v2.01 AMS text

(/usr/share/texmf-dist/tex/latex/amsmath/amsgen.sty
File: amsgen.sty 1999/11/30 v2.0 generic functions
\@emptytoks=\toks35
\ex@=\dimen284
))
(/usr/share/texmf-dist/tex/latex/amsmath/amsbsy.sty
Package: amsbsy 1999/11/29 v1.2d Bold Symbols
\pmbraise@=\dimen285
)
(/usr/share/texmf-dist/tex/latex/amsmath/amsopn.sty
Package: amsopn 2022/04/08 v2.04 operator names
)
\inf@bad=\count332
LaTeX Info: Redefining \frac on input line 233.
\uproot@=\count333
\leftroot@=\count334
LaTeX Info: Redefining \overline on input line 398.
LaTeX Info: Redefining \colon on input line 409.
\classnum@=\count335
\DOTSCASE@=\count336
LaTeX Info: Redefining \ldots on input line 495.
LaTeX Info: Redefining \dots on input line 498.
LaTeX Info: Redefining \cdots on input line 619.
\Mathstrutbox@=\box75
\strutbox@=\box76
LaTeX Info: Redefining \big on input line 721.
LaTeX Info: Redefining \Big on input line 722.
LaTeX Info: Redefining \bigg on input line 723.
LaTeX Info: Redefining \Bigg on input line 724.
\big@size=\dimen286
LaTeX Font Info:    Redeclaring font encoding OML on input line 742.
LaTeX Font Info:    Redeclaring font encoding OMS on input line 743.
\macc@depth=\count337
LaTeX Info: Redefining \bmod on input line 904.
LaTeX Info: Redefining \pmod on input line 909.
LaTeX Info: Redefining \smash on input line 939.
LaTeX Info: Redefining \relbar on input line 969.
LaTeX Info: Redefining \Relbar on input line 970.
\c@MaxMatrixCols=\count338
\dotsspace@=\muskip18
\c@parentequation=\count339
\dspbrk@lvl=\count340
\tag@help=\toks36
\row@=\count341
\column@=\count342
\maxfields@=\count343
\andhelp@=\toks37
\eqnshift@=\dimen287
\alignsep@=\dimen288
\tagshift@=\dimen289
\tagwidth@=\dimen290
\totwidth@=\dimen291
\lineht@=\dimen292
\@envbody=\toks38
\multlinegap=\skip61
\multlinetaggap=\skip62
\mathdisplay@stack=\toks39
LaTeX Info: Redefining \[ on input line 2953.
LaTeX Info: Redefining \] on input line 2954.
)
(/usr/share/texmf-dist/tex/latex/amscls/amsthm.sty
Package: amsthm 2020/05/29 v2.20.6
\thm@style=\toks40
\thm@bodyfont=\toks41
\thm@headfont=\toks42
\thm@notefont=\toks43
\thm@headpunct=\toks44
\thm@preskip=\skip63
\thm@postskip=\skip64
\thm@headsep=\skip65
\dth@everypar=\toks45
)
\c@theorem=\count344
)
(/usr/share/texmf-dist/tex/latex/beamer/beamerbasethemes.sty))
(/usr/share/texmf-dist/tex/latex/beamer/beamerthemedefault.sty
(/usr/share/texmf-dist/tex/latex/beamer/beamerfontthemedefault.sty)
(/usr/share/texmf-dist/tex/latex/beamer/beamercolorthemedefault.sty)
(/usr/share/texmf-dist/tex/latex/beamer/beamerinnerthemedefault.sty
\beamer@dima=\dimen293
\beamer@dimb=\dimen294
)
(/usr/share/texmf-dist/tex/latex/beamer/beamerouterthemedefault.sty)))
(/usr/share/texmf-dist/tex/latex/booktabs/booktabs.sty
Package: booktabs 2020/01/12 v1.61803398 Publication quality tables
\heavyrulewidth=\dimen295
\lightrulewidth=\dimen296
\cmidrulewidth=\dimen297
\belowrulesep=\dimen298
\belowbottomsep=\dimen299
\aboverulesep=\dimen300
\abovetopsep=\dimen301
\cmidrulesep=\dimen302
\cmidrulekern=\dimen303
\defaultaddspace=\dimen304
\@cmidla=\count345
\@cmidlb=\count346
\@aboverulesep=\dimen305
\@belowrulesep=\dimen306
\@thisruleclass=\count347
\@lastruleclass=\count348
\@thisrulewidth=\dimen307
)
(/usr/share/texmf-dist/tex/latex/l3backend/l3backend-pdftex.def
File: l3backend-pdftex.def 2024-05-08 L3 backend support: PDF output (pdfTeX)
\l__color_backend_stack_int=\count349
\l__pdf_internal_box=\box77
)
(./pContinuousTemperatureMeasurement.aux)
\openout1 = `pContinuousTemperatureMeasurement.aux'.

LaTeX Font Info:    Checking defaults for OML/cmm/m/it on input line 32.
LaTeX Font Info:    ... okay on input line 32.
LaTeX Font Info:    Checking defaults for OMS/cmsy/m/n on input line 32.
LaTeX Font Info:    ... okay on input line 32.
LaTeX Font Info:    Checking defaults for OT1/cmr/m/n on input line 32.
LaTeX Font Info:    ... okay on input line 32.
LaTeX Font Info:    Checking defaults for T1/cmr/m/n on input line 32.
LaTeX Font Info:    ... okay on input line 32.
LaTeX Font Info:    Checking defaults for TS1/cmr/m/n on input line 32.
LaTeX Font Info:    ... okay on input line 32.
LaTeX Font Info:    Checking defaults for OMX/cmex/m/n on input line 32.
LaTeX Font Info:    ... okay on input line 32.
LaTeX Font Info:    Checking defaults for U/cmr/m/n on input line 32.
LaTeX Font Info:    ... okay on input line 32.
LaTeX Font Info:    Checking defaults for PD1/pdf/m/n on input line 32.
LaTeX Font Info:    ... okay on input line 32.
LaTeX Font Info:    Checking defaults for PU/pdf/m/n on input line 32.
LaTeX Font Info:    ... okay on input line 32.

*geometry* driver: auto-detecting
*geometry* detected driver: pdftex
*geometry* verbose mode - [ preamble ] result:
* driver: pdftex
* paper: custom
* layout: <same size as paper>
* layoutoffset:(h,v)=(0.0pt,0.0pt)
* modes: includehead includefoot 
* h-part:(L,W,R)=(28.45274pt, 398.3386pt, 28.45274pt)
* v-part:(T,H,B)=(0.0pt, 256.0748pt, 0.0pt)
* \paperwidth=455.24408pt
* \paperheight=256.0748pt
* \textwidth=398.3386pt
* \textheight=227.62207pt
* \oddsidemargin=-43.81725pt
* \evensidemargin=-43.81725pt
* \topmargin=-72.26999pt
* \headheight=14.22636pt
* \headsep=0.0pt
* \topskip=11.0pt
* \footskip=14.22636pt
* \marginparwidth=4.0pt
* \marginparsep=10.0pt
* \columnsep=10.0pt
* \skip\footins=10.0pt plus 4.0pt minus 2.0pt
* \hoffset=0.0pt
* \voffset=0.0pt
* \mag=1000
* \@twocolumnfalse
* \@twosidefalse
* \@mparswitchfalse
* \@reversemarginfalse
* (1in=72.27pt=25.4mm, 1cm=28.453pt)

(/usr/share/texmf-dist/tex/context/base/mkii/supp-pdf.mkii
[Loading MPS to PDF converter (version 2006.09.02).]
\scratchcounter=\count350
\scratchdimen=\dimen308
\scratchbox=\box78
\nofMPsegments=\count351
\nofMParguments=\count352
\everyMPshowfont=\toks46
\MPscratchCnt=\count353
\MPscratchDim=\dimen309
\MPnumerator=\count354
\makeMPintoPDFobject=\count355
\everyMPtoPDFconversion=\toks47
) (/usr/share/texmf-dist/tex/latex/epstopdf-pkg/epstopdf-base.sty
Package: epstopdf-base 2020-01-24 v2.11 Base part for package epstopdf
Package epstopdf-base Info: Redefining graphics rule for `.eps' on input line 4
85.

(/usr/share/texmf-dist/tex/latex/latexconfig/epstopdf-sys.cfg
File: epstopdf-sys.cfg 2010/07/13 v1.3 Configuration of (r)epstopdf for TeX Liv
e
))
Package hyperref Info: Link coloring OFF on input line 32.

(./pContinuousTemperatureMeasurement.out)
(./pContinuousTemperatureMeasurement.out)
\@outlinefile=\write5
\openout5 = `pContinuousTemperatureMeasurement.out'.

LaTeX Font Info:    Overwriting symbol font `operators' in version `normal'
(Font)                  OT1/cmr/m/n --> OT1/cmss/m/n on input line 32.
LaTeX Font Info:    Overwriting symbol font `operators' in version `bold'
(Font)                  OT1/cmr/bx/n --> OT1/cmss/b/n on input line 32.
\symnumbers=\mathgroup6
\sympureletters=\mathgroup7
LaTeX Font Info:    Overwriting math alphabet `\mathrm' in version `normal'
(Font)                  OT1/cmss/m/n --> OT1/cmr/m/n on input line 32.
LaTeX Font Info:    Redeclaring math alphabet \mathbf on input line 32.
LaTeX Font Info:    Overwriting math alphabet `\mathbf' in version `normal'
(Font)                  OT1/cmr/bx/n --> OT1/cmss/b/n on input line 32.
LaTeX Font Info:    Overwriting math alphabet `\mathbf' in version `bold'
(Font)                  OT1/cmr/bx/n --> OT1/cmss/b/n on input line 32.
LaTeX Font Info:    Redeclaring math alphabet \mathsf on input line 32.
LaTeX Font Info:    Overwriting math alphabet `\mathsf' in version `normal'
(Font)                  OT1/cmss/m/n --> OT1/cmss/m/n on input line 32.
LaTeX Font Info:    Overwriting math alphabet `\mathsf' in version `bold'
(Font)                  OT1/cmss/bx/n --> OT1/cmss/m/n on input line 32.
LaTeX Font Info:    Redeclaring math alphabet \mathit on input line 32.
LaTeX Font Info:    Overwriting math alphabet `\mathit' in version `normal'
(Font)                  OT1/cmr/m/it --> OT1/cmss/m/it on input line 32.
LaTeX Font Info:    Overwriting math alphabet `\mathit' in version `bold'
(Font)                  OT1/cmr/bx/it --> OT1/cmss/m/it on input line 32.
LaTeX Font Info:    Redeclaring math alphabet \mathtt on input line 32.
LaTeX Font Info:    Overwriting math alphabet `\mathtt' in version `normal'
(Font)                  OT1/cmtt/m/n --> OT1/cmtt/m/n on input line 32.
LaTeX Font Info:    Overwriting math alphabet `\mathtt' in version `bold'
(Font)                  OT1/cmtt/m/n --> OT1/cmtt/m/n on input line 32.
LaTeX Font Info:    Overwriting symbol font `numbers' in version `bold'
(Font)                  OT1/cmss/m/n --> OT1/cmss/b/n on input line 32.
LaTeX Font Info:    Overwriting symbol font `pureletters' in version `bold'
(Font)                  OT1/cmss/m/it --> OT1/cmss/b/it on input line 32.
LaTeX Font Info:    Overwriting math alphabet `\mathrm' in version `bold'
(Font)                  OT1/cmss/b/n --> OT1/cmr/b/n on input line 32.
LaTeX Font Info:    Overwriting math alphabet `\mathbf' in version `bold'
(Font)                  OT1/cmss/b/n --> OT1/cmss/b/n on input line 32.
LaTeX Font Info:    Overwriting math alphabet `\mathsf' in version `bold'
(Font)                  OT1/cmss/m/n --> OT1/cmss/b/n on input line 32.
LaTeX Font Info:    Overwriting math alphabet `\mathit' in version `bold'
(Font)                  OT1/cmss/m/it --> OT1/cmss/b/it on input line 32.
LaTeX Font Info:    Overwriting math alphabet `\mathtt' in version `bold'
(Font)                  OT1/cmtt/m/n --> OT1/cmtt/b/n on input line 32.
LaTeX Font Info:    Redeclaring symbol font `pureletters' on input line 32.
LaTeX Font Info:    Overwriting symbol font `pureletters' in version `normal'
(Font)                  OT1/cmss/m/it --> OT1/mathkerncmss/m/sl on input line 3
2.
LaTeX Font Info:    Overwriting symbol font `pureletters' in version `bold'
(Font)                  OT1/cmss/b/it --> OT1/mathkerncmss/m/sl on input line 3
2.
LaTeX Font Info:    Overwriting symbol font `pureletters' in version `bold'
(Font)                  OT1/mathkerncmss/m/sl --> OT1/mathkerncmss/bx/sl on inp
ut line 32.

(/usr/share/texmf-dist/tex/latex/translator/translator-basic-dictionary-English
.dict
Dictionary: translator-basic-dictionary, Language: English 
)
(/usr/share/texmf-dist/tex/latex/translator/translator-bibliography-dictionary-
English.dict
Dictionary: translator-bibliography-dictionary, Language: English 
)
(/usr/share/texmf-dist/tex/latex/translator/translator-environment-dictionary-E
nglish.dict
Dictionary: translator-environment-dictionary, Language: English 
)
(/usr/share/texmf-dist/tex/latex/translator/translator-months-dictionary-Englis
h.dict
Dictionary: translator-months-dictionary, Language: English 
)
(/usr/share/texmf-dist/tex/latex/translator/translator-numbers-dictionary-Engli
sh.dict
Dictionary: translator-numbers-dictionary, Language: English 
)
(/usr/share/texmf-dist/tex/latex/translator/translator-theorem-dictionary-Engli
sh.dict
Dictionary: translator-theorem-dictionary, Language: English 
) (./pContinuousTemperatureMeasurement.nav)

[1

{/var/lib/texmf/fonts/map/pdftex/updmap/pdftex.map}]
LaTeX Font Info:    Trying to load font information for U+msa on input line 56.


(/usr/share/texmf-dist/tex/latex/amsfonts/umsa.fd
File: umsa.fd 2013/01/14 v3.01 AMS symbols A
)
LaTeX Font Info:    Trying to load font information for U+msb on input line 56.


(/usr/share/texmf-dist/tex/latex/amsfonts/umsb.fd
File: umsb.fd 2013/01/14 v3.01 AMS symbols B
)
LaTeX Font Info:    Trying to load font information for OT1+mathkerncmss on inp
ut line 56.

(/usr/share/texmf-dist/tex/latex/sansmathaccent/ot1mathkerncmss.fd
File: ot1mathkerncmss.fd 2020/01/31 Fontinst v1.933 font definitions for OT1/ma
thkerncmss.
)

Package amsmath Warning: Foreign command \over;
(amsmath)                \frac or \genfrac should be used instead
(amsmath)                 on input line 56.



[2

]

[3

]

[4

]

[5

]
Package epstopdf Info: Source file: <temp01.eps>
(epstopdf)                    date: 2023-02-05 16:06:59
(epstopdf)                    size: 8470 bytes
(epstopdf)             Output file: <temp01-eps-converted-to.pdf>
(epstopdf)                    date: 2023-12-03 12:38:08
(epstopdf)                    size: 5918 bytes
(epstopdf)             Command: <repstopdf --outfile=temp01-eps-converted-to.pd
f temp01.eps>
(epstopdf)             \includegraphics on input line 154.
Package epstopdf Info: Output file is already uptodate.
<temp01-eps-converted-to.pdf, id=152, 325.215pt x 35.13126pt>
File: temp01-eps-converted-to.pdf Graphic file (type pdf)
<use temp01-eps-converted-to.pdf>
Package pdftex.def Info: temp01-eps-converted-to.pdf  used on input line 154.
(pdftex.def)             Requested size: 325.2142pt x 35.13115pt.
Package epstopdf Info: Source file: <temp02.eps>
(epstopdf)                    date: 2023-02-05 16:06:59
(epstopdf)                    size: 9049 bytes
(epstopdf)             Output file: <temp02-eps-converted-to.pdf>
(epstopdf)                    date: 2023-12-03 12:38:08
(epstopdf)                    size: 5788 bytes
(epstopdf)             Command: <repstopdf --outfile=temp02-eps-converted-to.pd
f temp02.eps>
(epstopdf)             \includegraphics on input line 154.
Package epstopdf Info: Output file is already uptodate.
<temp02-eps-converted-to.pdf, id=153, 276.03125pt x 44.165pt>
File: temp02-eps-converted-to.pdf Graphic file (type pdf)
<use temp02-eps-converted-to.pdf>
Package pdftex.def Info: temp02-eps-converted-to.pdf  used on input line 154.
(pdftex.def)             Requested size: 276.03056pt x 44.16487pt.


[6

 <./temp01-eps-converted-to.pdf> <./temp02-eps-converted-to.pdf>]
Package epstopdf Info: Source file: <temp10.eps>
(epstopdf)                    date: 2023-02-05 16:06:59
(epstopdf)                    size: 8999 bytes
(epstopdf)             Output file: <temp10-eps-converted-to.pdf>
(epstopdf)                    date: 2023-12-03 12:38:09
(epstopdf)                    size: 4767 bytes
(epstopdf)             Command: <repstopdf --outfile=temp10-eps-converted-to.pd
f temp10.eps>
(epstopdf)             \includegraphics on input line 237.
Package epstopdf Info: Output file is already uptodate.
<temp10-eps-converted-to.pdf, id=195, 253.94875pt x 82.3075pt>
File: temp10-eps-converted-to.pdf Graphic file (type pdf)
<use temp10-eps-converted-to.pdf>
Package pdftex.def Info: temp10-eps-converted-to.pdf  used on input line 237.
(pdftex.def)             Requested size: 398.3386pt x 129.11pt.


[7

 <./temp10-eps-converted-to.pdf>]

[8

]

[9

]
Package epstopdf Info: Source file: <temp11.eps>
(epstopdf)                    date: 2023-02-05 16:06:59
(epstopdf)                    size: 10438 bytes
(epstopdf)             Output file: <temp11-eps-converted-to.pdf>
(epstopdf)                    date: 2023-12-03 12:38:09
(epstopdf)                    size: 10692 bytes
(epstopdf)             Command: <repstopdf --outfile=temp11-eps-converted-to.pd
f temp11.eps>
(epstopdf)             \includegraphics on input line 326.
Package epstopdf Info: Output file is already uptodate.
<temp11-eps-converted-to.pdf, id=278, 423.5825pt x 235.88126pt>
File: temp11-eps-converted-to.pdf Graphic file (type pdf)
<use temp11-eps-converted-to.pdf>
Package pdftex.def Info: temp11-eps-converted-to.pdf  used on input line 326.
(pdftex.def)             Requested size: 398.3386pt x 221.83278pt.

Overfull \vbox (17.23149pt too high) detected at line 326
 []



[10

 <./temp11-eps-converted-to.pdf>]
Package epstopdf Info: Source file: <temp17.eps>
(epstopdf)                    date: 2023-02-05 16:06:59
(epstopdf)                    size: 11678 bytes
(epstopdf)             Output file: <temp17-eps-converted-to.pdf>
(epstopdf)                    date: 2023-12-03 12:38:09
(epstopdf)                    size: 11416 bytes
(epstopdf)             Command: <repstopdf --outfile=temp17-eps-converted-to.pd
f temp17.eps>
(epstopdf)             \includegraphics on input line 351.
Package epstopdf Info: Output file is already uptodate.
<temp17-eps-converted-to.pdf, id=319, 424.58624pt x 166.6225pt>
File: temp17-eps-converted-to.pdf Graphic file (type pdf)
<use temp17-eps-converted-to.pdf>
Package pdftex.def Info: temp17-eps-converted-to.pdf  used on input line 351.
(pdftex.def)             Requested size: 322.65327pt x 126.62677pt.


[11

 <./temp17-eps-converted-to.pdf>]
Package epstopdf Info: Source file: <temp18.eps>
(epstopdf)                    date: 2023-02-05 16:06:59
(epstopdf)                    size: 11380 bytes
(epstopdf)             Output file: <temp18-eps-converted-to.pdf>
(epstopdf)                    date: 2023-12-03 12:38:09
(epstopdf)                    size: 11430 bytes
(epstopdf)             Command: <repstopdf --outfile=temp18-eps-converted-to.pd
f temp18.eps>
(epstopdf)             \includegraphics on input line 377.
Package epstopdf Info: Output file is already uptodate.
<temp18-eps-converted-to.pdf, id=361, 417.56pt x 159.59625pt>
File: temp18-eps-converted-to.pdf Graphic file (type pdf)
<use temp18-eps-converted-to.pdf>
Package pdftex.def Info: temp18-eps-converted-to.pdf  used on input line 377.
(pdftex.def)             Requested size: 398.3386pt x 152.25845pt.


[12

 <./temp18-eps-converted-to.pdf>]
Package epstopdf Info: Source file: <temp31.eps>
(epstopdf)                    date: 2023-02-05 16:06:59
(epstopdf)                    size: 43589 bytes
(epstopdf)             Output file: <temp31-eps-converted-to.pdf>
(epstopdf)                    date: 2023-12-03 12:38:10
(epstopdf)                    size: 36363 bytes
(epstopdf)             Command: <repstopdf --outfile=temp31-eps-converted-to.pd
f temp31.eps>
(epstopdf)             \includegraphics on input line 413.
Package epstopdf Info: Output file is already uptodate.
<temp31-eps-converted-to.pdf, id=402, 557.08125pt x 704.6325pt>
File: temp31-eps-converted-to.pdf Graphic file (type pdf)
<use temp31-eps-converted-to.pdf>
Package pdftex.def Info: temp31-eps-converted-to.pdf  used on input line 413.
(pdftex.def)             Requested size: 157.46074pt x 199.16928pt.


[13

 <./temp31-eps-converted-to.pdf>]
Package epstopdf Info: Source file: <temp53.eps>
(epstopdf)                    date: 2023-02-05 16:07:00
(epstopdf)                    size: 17430 bytes
(epstopdf)             Output file: <temp53-eps-converted-to.pdf>
(epstopdf)                    date: 2023-12-03 12:38:10
(epstopdf)                    size: 9597 bytes
(epstopdf)             Command: <repstopdf --outfile=temp53-eps-converted-to.pd
f temp53.eps>
(epstopdf)             \includegraphics on input line 436.
Package epstopdf Info: Output file is already uptodate.
<temp53-eps-converted-to.pdf, id=431, 420.57124pt x 175.65625pt>
File: temp53-eps-converted-to.pdf Graphic file (type pdf)
<use temp53-eps-converted-to.pdf>
Package pdftex.def Info: temp53-eps-converted-to.pdf  used on input line 436.
(pdftex.def)             Requested size: 398.3386pt x 166.37126pt.


[14

 <./temp53-eps-converted-to.pdf>]
Package epstopdf Info: Source file: <temp54.eps>
(epstopdf)                    date: 2023-02-05 16:07:00
(epstopdf)                    size: 22396 bytes
(epstopdf)             Output file: <temp54-eps-converted-to.pdf>
(epstopdf)                    date: 2023-12-03 12:38:10
(epstopdf)                    size: 14676 bytes
(epstopdf)             Command: <repstopdf --outfile=temp54-eps-converted-to.pd
f temp54.eps>
(epstopdf)             \includegraphics on input line 453.
Package epstopdf Info: Output file is already uptodate.
<temp54-eps-converted-to.pdf, id=465, 329.23pt x 397.485pt>
File: temp54-eps-converted-to.pdf Graphic file (type pdf)
<use temp54-eps-converted-to.pdf>
Package pdftex.def Info: temp54-eps-converted-to.pdf  used on input line 453.
(pdftex.def)             Requested size: 164.97127pt x 199.16928pt.


[15

 <./temp54-eps-converted-to.pdf>]
Package epstopdf Info: Source file: <temp55.eps>
(epstopdf)                    date: 2023-02-05 16:07:00
(epstopdf)                    size: 12873 bytes
(epstopdf)             Output file: <temp55-eps-converted-to.pdf>
(epstopdf)                    date: 2023-12-03 12:38:10
(epstopdf)                    size: 10778 bytes
(epstopdf)             Command: <repstopdf --outfile=temp55-eps-converted-to.pd
f temp55.eps>
(epstopdf)             \includegraphics on input line 466.
Package epstopdf Info: Output file is already uptodate.
<temp55-eps-converted-to.pdf, id=503, 141.52875pt x 188.705pt>
File: temp55-eps-converted-to.pdf Graphic file (type pdf)
<use temp55-eps-converted-to.pdf>
Package pdftex.def Info: temp55-eps-converted-to.pdf  used on input line 466.
(pdftex.def)             Requested size: 149.3762pt x 199.16928pt.


[16

 <./temp55-eps-converted-to.pdf>]
Package epstopdf Info: Source file: <temp56.eps>
(epstopdf)                    date: 2023-02-05 16:07:00
(epstopdf)                    size: 15882 bytes
(epstopdf)             Output file: <temp56-eps-converted-to.pdf>
(epstopdf)                    date: 2023-12-03 12:38:10
(epstopdf)                    size: 9079 bytes
(epstopdf)             Command: <repstopdf --outfile=temp56-eps-converted-to.pd
f temp56.eps>
(epstopdf)             \includegraphics on input line 479.
Package epstopdf Info: Output file is already uptodate.
<temp56-eps-converted-to.pdf, id=540, 333.245pt x 188.705pt>
File: temp56-eps-converted-to.pdf Graphic file (type pdf)
<use temp56-eps-converted-to.pdf>
Package pdftex.def Info: temp56-eps-converted-to.pdf  used on input line 479.
(pdftex.def)             Requested size: 351.7227pt x 199.16928pt.


[17

 <./temp56-eps-converted-to.pdf>]
Package epstopdf Info: Source file: <temp03.eps>
(epstopdf)                    date: 2023-02-05 16:06:59
(epstopdf)                    size: 8725 bytes
(epstopdf)             Output file: <temp03-eps-converted-to.pdf>
(epstopdf)                    date: 2023-12-03 12:38:10
(epstopdf)                    size: 5336 bytes
(epstopdf)             Command: <repstopdf --outfile=temp03-eps-converted-to.pd
f temp03.eps>
(epstopdf)             \includegraphics on input line 529.
Package epstopdf Info: Output file is already uptodate.
<temp03-eps-converted-to.pdf, id=574, 268.00125pt x 92.345pt>
File: temp03-eps-converted-to.pdf Graphic file (type pdf)
<use temp03-eps-converted-to.pdf>
Package pdftex.def Info: temp03-eps-converted-to.pdf  used on input line 529.
(pdftex.def)             Requested size: 398.3386pt x 137.25461pt.


[18

 <./temp03-eps-converted-to.pdf>]
Package epstopdf Info: Source file: <temp04.eps>
(epstopdf)                    date: 2023-02-05 16:06:59
(epstopdf)                    size: 9321 bytes
(epstopdf)             Output file: <temp04-eps-converted-to.pdf>
(epstopdf)                    date: 2023-12-03 12:38:10
(epstopdf)                    size: 6289 bytes
(epstopdf)             Command: <repstopdf --outfile=temp04-eps-converted-to.pd
f temp04.eps>
(epstopdf)             \includegraphics on input line 538.
Package epstopdf Info: Output file is already uptodate.
<temp04-eps-converted-to.pdf, id=606, 316.18124pt x 139.52126pt>
File: temp04-eps-converted-to.pdf Graphic file (type pdf)
<use temp04-eps-converted-to.pdf>
Package pdftex.def Info: temp04-eps-converted-to.pdf  used on input line 538.
(pdftex.def)             Requested size: 398.3386pt x 175.78705pt.


[19

 <./temp04-eps-converted-to.pdf>]

[20

]
Package epstopdf Info: Source file: <temp28.eps>
(epstopdf)                    date: 2023-02-05 16:06:59
(epstopdf)                    size: 48117 bytes
(epstopdf)             Output file: <temp28-eps-converted-to.pdf>
(epstopdf)                    date: 2023-12-03 12:38:11
(epstopdf)                    size: 39927 bytes
(epstopdf)             Command: <repstopdf --outfile=temp28-eps-converted-to.pd
f temp28.eps>
(epstopdf)             \includegraphics on input line 622.
Package epstopdf Info: Output file is already uptodate.
<temp28-eps-converted-to.pdf, id=668, 557.08125pt x 370.38374pt>
File: temp28-eps-converted-to.pdf Graphic file (type pdf)
<use temp28-eps-converted-to.pdf>
Package pdftex.def Info: temp28-eps-converted-to.pdf  used on input line 622.
(pdftex.def)             Requested size: 299.56984pt x 199.16928pt.


[21

 <./temp28-eps-converted-to.pdf>]
Package epstopdf Info: Source file: <temp29.eps>
(epstopdf)                    date: 2023-02-05 16:06:59
(epstopdf)                    size: 137230 bytes
(epstopdf)             Output file: <temp29-eps-converted-to.pdf>
(epstopdf)                    date: 2023-12-03 12:38:11
(epstopdf)                    size: 110115 bytes
(epstopdf)             Command: <repstopdf --outfile=temp29-eps-converted-to.pd
f temp29.eps>
(epstopdf)             \includegraphics on input line 637.
Package epstopdf Info: Output file is already uptodate.
<temp29-eps-converted-to.pdf, id=696, 557.08125pt x 255.95625pt>
File: temp29-eps-converted-to.pdf Graphic file (type pdf)
<use temp29-eps-converted-to.pdf>
Package pdftex.def Info: temp29-eps-converted-to.pdf  used on input line 637.
(pdftex.def)             Requested size: 433.48459pt x 199.16928pt.

Overfull \hbox (35.146pt too wide) detected at line 637
[]
 []



[22

 <./temp29-eps-converted-to.pdf>]
Package epstopdf Info: Source file: <temp33.eps>
(epstopdf)                    date: 2023-02-05 16:06:59
(epstopdf)                    size: 41784 bytes
(epstopdf)             Output file: <temp33-eps-converted-to.pdf>
(epstopdf)                    date: 2023-12-03 12:38:11
(epstopdf)                    size: 34948 bytes
(epstopdf)             Command: <repstopdf --outfile=temp33-eps-converted-to.pd
f temp33.eps>
(epstopdf)             \includegraphics on input line 650.
Package epstopdf Info: Output file is already uptodate.
<temp33-eps-converted-to.pdf, id=725, 557.08125pt x 251.94125pt>
File: temp33-eps-converted-to.pdf Graphic file (type pdf)
<use temp33-eps-converted-to.pdf>
Package pdftex.def Info: temp33-eps-converted-to.pdf  used on input line 650.
(pdftex.def)             Requested size: 440.39539pt x 199.16928pt.

Overfull \hbox (42.0568pt too wide) detected at line 650
[]
 []



[23

 <./temp33-eps-converted-to.pdf>]
Package epstopdf Info: Source file: <temp34.eps>
(epstopdf)                    date: 2023-02-05 16:06:59
(epstopdf)                    size: 94332 bytes
(epstopdf)             Output file: <temp34-eps-converted-to.pdf>
(epstopdf)                    date: 2023-12-03 12:38:11
(epstopdf)                    size: 76331 bytes
(epstopdf)             Command: <repstopdf --outfile=temp34-eps-converted-to.pd
f temp34.eps>
(epstopdf)             \includegraphics on input line 663.
Package epstopdf Info: Output file is already uptodate.
<temp34-eps-converted-to.pdf, id=753, 557.08125pt x 554.07pt>
File: temp34-eps-converted-to.pdf Graphic file (type pdf)
<use temp34-eps-converted-to.pdf>
Package pdftex.def Info: temp34-eps-converted-to.pdf  used on input line 663.
(pdftex.def)             Requested size: 200.25159pt x 199.16928pt.


[24

 <./temp34-eps-converted-to.pdf>]
Package epstopdf Info: Source file: <temp30.eps>
(epstopdf)                    date: 2023-02-05 16:06:59
(epstopdf)                    size: 9633 bytes
(epstopdf)             Output file: <temp30-eps-converted-to.pdf>
(epstopdf)                    date: 2023-12-03 12:38:11
(epstopdf)                    size: 6166 bytes
(epstopdf)             Command: <repstopdf --outfile=temp30-eps-converted-to.pd
f temp30.eps>
(epstopdf)             \includegraphics on input line 684.
Package epstopdf Info: Output file is already uptodate.
<temp30-eps-converted-to.pdf, id=781, 348.30125pt x 178.6675pt>
File: temp30-eps-converted-to.pdf Graphic file (type pdf)
<use temp30-eps-converted-to.pdf>
Package pdftex.def Info: temp30-eps-converted-to.pdf  used on input line 684.
(pdftex.def)             Requested size: 388.28777pt x 199.16928pt.


[25

 <./temp30-eps-converted-to.pdf>]
Package epstopdf Info: Source file: <temp32.eps>
(epstopdf)                    date: 2023-02-05 16:06:59
(epstopdf)                    size: 12905 bytes
(epstopdf)             Output file: <temp32-eps-converted-to.pdf>
(epstopdf)                    date: 2023-12-03 12:38:11
(epstopdf)                    size: 11914 bytes
(epstopdf)             Command: <repstopdf --outfile=temp32-eps-converted-to.pd
f temp32.eps>
(epstopdf)             \includegraphics on input line 707.
Package epstopdf Info: Output file is already uptodate.
<temp32-eps-converted-to.pdf, id=813, 379.4175pt x 222.8325pt>
File: temp32-eps-converted-to.pdf Graphic file (type pdf)
<use temp32-eps-converted-to.pdf>
Package pdftex.def Info: temp32-eps-converted-to.pdf  used on input line 707.
(pdftex.def)             Requested size: 290.68185pt x 170.71652pt.


[26

 <./temp32-eps-converted-to.pdf>]
Package epstopdf Info: Source file: <temp05.eps>
(epstopdf)                    date: 2023-02-05 16:06:59
(epstopdf)                    size: 9469 bytes
(epstopdf)             Output file: <temp05-eps-converted-to.pdf>
(epstopdf)                    date: 2023-12-03 12:38:11
(epstopdf)                    size: 6604 bytes
(epstopdf)             Command: <repstopdf --outfile=temp05-eps-converted-to.pd
f temp05.eps>
(epstopdf)             \includegraphics on input line 738.
Package epstopdf Info: Output file is already uptodate.
<temp05-eps-converted-to.pdf, id=854, 316.18124pt x 107.40125pt>
File: temp05-eps-converted-to.pdf Graphic file (type pdf)
<use temp05-eps-converted-to.pdf>
Package pdftex.def Info: temp05-eps-converted-to.pdf  used on input line 738.
(pdftex.def)             Requested size: 398.3386pt x 135.31807pt.


[27

 <./temp05-eps-converted-to.pdf>]
Package epstopdf Info: Source file: <temp06.eps>
(epstopdf)                    date: 2023-02-05 16:06:59
(epstopdf)                    size: 9769 bytes
(epstopdf)             Output file: <temp06-eps-converted-to.pdf>
(epstopdf)                    date: 2023-12-03 12:38:11
(epstopdf)                    size: 11032 bytes
(epstopdf)             Command: <repstopdf --outfile=temp06-eps-converted-to.pd
f temp06.eps>
(epstopdf)             \includegraphics on input line 755.
Package epstopdf Info: Output file is already uptodate.
<temp06-eps-converted-to.pdf, id=888, 316.18124pt x 158.5925pt>
File: temp06-eps-converted-to.pdf Graphic file (type pdf)
<use temp06-eps-converted-to.pdf>
Package pdftex.def Info: temp06-eps-converted-to.pdf  used on input line 755.
(pdftex.def)             Requested size: 397.11197pt x 199.16928pt.


[28

 <./temp06-eps-converted-to.pdf>]

[29

]
Package epstopdf Info: Source file: <temp45.eps>
(epstopdf)                    date: 2023-02-05 16:06:59
(epstopdf)                    size: 13832 bytes
(epstopdf)             Output file: <temp45-eps-converted-to.pdf>
(epstopdf)                    date: 2023-12-03 12:38:12
(epstopdf)                    size: 15215 bytes
(epstopdf)             Command: <repstopdf --outfile=temp45-eps-converted-to.pd
f temp45.eps>
(epstopdf)             \includegraphics on input line 788.
Package epstopdf Info: Output file is already uptodate.
<temp45-eps-converted-to.pdf, id=955, 381.425pt x 256.96pt>
File: temp45-eps-converted-to.pdf Graphic file (type pdf)
<use temp45-eps-converted-to.pdf>
Package pdftex.def Info: temp45-eps-converted-to.pdf  used on input line 788.
(pdftex.def)             Requested size: 295.64787pt x 199.16928pt.


[30

 <./temp45-eps-converted-to.pdf>]
Package epstopdf Info: Source file: <temp36.eps>
(epstopdf)                    date: 2023-02-05 16:06:59
(epstopdf)                    size: 11930 bytes
(epstopdf)             Output file: <temp36-eps-converted-to.pdf>
(epstopdf)                    date: 2023-12-03 12:38:13
(epstopdf)                    size: 10906 bytes
(epstopdf)             Command: <repstopdf --outfile=temp36-eps-converted-to.pd
f temp36.eps>
(epstopdf)             \includegraphics on input line 917.
Package epstopdf Info: Output file is already uptodate.
<temp36-eps-converted-to.pdf, id=995, 399.4925pt x 268.00125pt>
File: temp36-eps-converted-to.pdf Graphic file (type pdf)
<use temp36-eps-converted-to.pdf>
Package pdftex.def Info: temp36-eps-converted-to.pdf  used on input line 917.
(pdftex.def)             Requested size: 296.88773pt x 199.16928pt.


[31

 <./temp36-eps-converted-to.pdf>]
Package epstopdf Info: Source file: <temp35.eps>
(epstopdf)                    date: 2023-02-05 16:06:59
(epstopdf)                    size: 15529 bytes
(epstopdf)             Output file: <temp35-eps-converted-to.pdf>
(epstopdf)                    date: 2023-12-03 12:38:13
(epstopdf)                    size: 12468 bytes
(epstopdf)             Command: <repstopdf --outfile=temp35-eps-converted-to.pd
f temp35.eps>
(epstopdf)             \includegraphics on input line 931.
Package epstopdf Info: Output file is already uptodate.
<temp35-eps-converted-to.pdf, id=1034, 441.65pt x 265.99374pt>
File: temp35-eps-converted-to.pdf Graphic file (type pdf)
<use temp35-eps-converted-to.pdf>
Package pdftex.def Info: temp35-eps-converted-to.pdf  used on input line 931.
(pdftex.def)             Requested size: 330.70428pt x 199.16928pt.


[32

 <./temp35-eps-converted-to.pdf>]
Package epstopdf Info: Source file: <temp37.eps>
(epstopdf)                    date: 2023-02-05 16:06:59
(epstopdf)                    size: 15498 bytes
(epstopdf)             Output file: <temp37-eps-converted-to.pdf>
(epstopdf)                    date: 2023-12-03 12:38:13
(epstopdf)                    size: 11330 bytes
(epstopdf)             Command: <repstopdf --outfile=temp37-eps-converted-to.pd
f temp37.eps>
(epstopdf)             \includegraphics on input line 946.
Package epstopdf Info: Output file is already uptodate.
<temp37-eps-converted-to.pdf, id=1072, 423.5825pt x 265.99374pt>
File: temp37-eps-converted-to.pdf Graphic file (type pdf)
<use temp37-eps-converted-to.pdf>
Package pdftex.def Info: temp37-eps-converted-to.pdf  used on input line 946.
(pdftex.def)             Requested size: 317.17549pt x 199.16928pt.


[33

 <./temp37-eps-converted-to.pdf>]
Package epstopdf Info: Source file: <temp38.eps>
(epstopdf)                    date: 2023-02-05 16:06:59
(epstopdf)                    size: 15505 bytes
(epstopdf)             Output file: <temp38-eps-converted-to.pdf>
(epstopdf)                    date: 2023-12-03 12:38:13
(epstopdf)                    size: 11712 bytes
(epstopdf)             Command: <repstopdf --outfile=temp38-eps-converted-to.pd
f temp38.eps>
(epstopdf)             \includegraphics on input line 963.
Package epstopdf Info: Output file is already uptodate.
<temp38-eps-converted-to.pdf, id=1109, 423.5825pt x 265.99374pt>
File: temp38-eps-converted-to.pdf Graphic file (type pdf)
<use temp38-eps-converted-to.pdf>
Package pdftex.def Info: temp38-eps-converted-to.pdf  used on input line 963.
(pdftex.def)             Requested size: 317.17549pt x 199.16928pt.


[34

 <./temp38-eps-converted-to.pdf>]

[35

]
Package epstopdf Info: Source file: <temp39.eps>
(epstopdf)                    date: 2023-02-05 16:06:59
(epstopdf)                    size: 10729 bytes
(epstopdf)             Output file: <temp39-eps-converted-to.pdf>
(epstopdf)                    date: 2023-12-03 12:38:14
(epstopdf)                    size: 10270 bytes
(epstopdf)             Command: <repstopdf --outfile=temp39-eps-converted-to.pd
f temp39.eps>
(epstopdf)             \includegraphics on input line 1115.
Package epstopdf Info: Output file is already uptodate.
<temp39-eps-converted-to.pdf, id=1172, 289.08pt x 213.79875pt>
File: temp39-eps-converted-to.pdf Graphic file (type pdf)
<use temp39-eps-converted-to.pdf>
Package pdftex.def Info: temp39-eps-converted-to.pdf  used on input line 1115.
(pdftex.def)             Requested size: 269.30035pt x 199.16928pt.


[36

 <./temp39-eps-converted-to.pdf>]
Package epstopdf Info: Source file: <temp51.eps>
(epstopdf)                    date: 2023-02-05 16:06:59
(epstopdf)                    size: 837917 bytes
(epstopdf)             Output file: <temp51-eps-converted-to.pdf>
(epstopdf)                    date: 2023-12-03 12:38:15
(epstopdf)                    size: 663713 bytes
(epstopdf)             Command: <repstopdf --outfile=temp51-eps-converted-to.pd
f temp51.eps>
(epstopdf)             \includegraphics on input line 1376.
Package epstopdf Info: Output file is already uptodate.
<temp51-eps-converted-to.pdf, id=1209, 557.08125pt x 418.56375pt>
File: temp51-eps-converted-to.pdf Graphic file (type pdf)
<use temp51-eps-converted-to.pdf>
Package pdftex.def Info: temp51-eps-converted-to.pdf  used on input line 1376.
(pdftex.def)             Requested size: 265.07536pt x 199.16928pt.


[37

 <./temp51-eps-converted-to.pdf>]
Package epstopdf Info: Source file: <temp52.eps>
(epstopdf)                    date: 2023-02-05 16:07:00
(epstopdf)                    size: 854317 bytes
(epstopdf)             Output file: <temp52-eps-converted-to.pdf>
(epstopdf)                    date: 2023-12-03 12:38:16
(epstopdf)                    size: 676636 bytes
(epstopdf)             Command: <repstopdf --outfile=temp52-eps-converted-to.pd
f temp52.eps>
(epstopdf)             \includegraphics on input line 1390.
Package epstopdf Info: Output file is already uptodate.
<temp52-eps-converted-to.pdf, id=1238, 557.08125pt x 418.56375pt>
File: temp52-eps-converted-to.pdf Graphic file (type pdf)
<use temp52-eps-converted-to.pdf>
Package pdftex.def Info: temp52-eps-converted-to.pdf  used on input line 1390.
(pdftex.def)             Requested size: 265.07536pt x 199.16928pt.


[38

 <./temp52-eps-converted-to.pdf>]
Package epstopdf Info: Source file: <temp20.eps>
(epstopdf)                    date: 2023-02-05 16:06:59
(epstopdf)                    size: 14965 bytes
(epstopdf)             Output file: <temp20-eps-converted-to.pdf>
(epstopdf)                    date: 2023-12-03 12:38:16
(epstopdf)                    size: 7538 bytes
(epstopdf)             Command: <repstopdf --outfile=temp20-eps-converted-to.pd
f temp20.eps>
(epstopdf)             \includegraphics on input line 1423.
Package epstopdf Info: Output file is already uptodate.
<temp20-eps-converted-to.pdf, id=1266, 222.8325pt x 326.21875pt>
File: temp20-eps-converted-to.pdf Graphic file (type pdf)
<use temp20-eps-converted-to.pdf>
Package pdftex.def Info: temp20-eps-converted-to.pdf  used on input line 1423.
(pdftex.def)             Requested size: 136.05342pt x 199.16928pt.


[39

 <./temp20-eps-converted-to.pdf>]
Package epstopdf Info: Source file: <temp21.eps>
(epstopdf)                    date: 2023-02-05 16:06:59
(epstopdf)                    size: 14898 bytes
(epstopdf)             Output file: <temp21-eps-converted-to.pdf>
(epstopdf)                    date: 2023-12-03 12:38:16
(epstopdf)                    size: 7482 bytes
(epstopdf)             Command: <repstopdf --outfile=temp21-eps-converted-to.pd
f temp21.eps>
(epstopdf)             \includegraphics on input line 1435.
Package epstopdf Info: Output file is already uptodate.
<temp21-eps-converted-to.pdf, id=1298, 275.0275pt x 338.26375pt>
File: temp21-eps-converted-to.pdf Graphic file (type pdf)
<use temp21-eps-converted-to.pdf>
Package pdftex.def Info: temp21-eps-converted-to.pdf  used on input line 1435.
(pdftex.def)             Requested size: 161.94168pt x 199.16928pt.


[40

 <./temp21-eps-converted-to.pdf>]
Package epstopdf Info: Source file: <thermowell_1.eps>
(epstopdf)                    date: 2023-02-05 16:07:00
(epstopdf)                    size: 45010 bytes
(epstopdf)             Output file: <thermowell_1-eps-converted-to.pdf>
(epstopdf)                    date: 2023-12-03 12:38:17
(epstopdf)                    size: 37481 bytes
(epstopdf)             Command: <repstopdf --outfile=thermowell_1-eps-converted
-to.pdf thermowell_1.eps>
(epstopdf)             \includegraphics on input line 1445.
Package epstopdf Info: Output file is already uptodate.
<thermowell_1-eps-converted-to.pdf, id=1329, 557.08125pt x 370.38374pt>
File: thermowell_1-eps-converted-to.pdf Graphic file (type pdf)
<use thermowell_1-eps-converted-to.pdf>
Package pdftex.def Info: thermowell_1-eps-converted-to.pdf  used on input line 
1445.
(pdftex.def)             Requested size: 180.67499pt x 120.12462pt.
Package epstopdf Info: Source file: <thermowell_1_closeup.eps>
(epstopdf)                    date: 2023-02-05 16:07:00
(epstopdf)                    size: 56228 bytes
(epstopdf)             Output file: <thermowell_1_closeup-eps-converted-to.pdf>

(epstopdf)                    date: 2023-12-03 12:38:17
(epstopdf)                    size: 46318 bytes
(epstopdf)             Command: <repstopdf --outfile=thermowell_1_closeup-eps-c
onverted-to.pdf thermowell_1_closeup.eps>
(epstopdf)             \includegraphics on input line 1445.
Package epstopdf Info: Output file is already uptodate.
<thermowell_1_closeup-eps-converted-to.pdf, id=1330, 557.08125pt x 370.38374pt>

File: thermowell_1_closeup-eps-converted-to.pdf Graphic file (type pdf)
<use thermowell_1_closeup-eps-converted-to.pdf>
Package pdftex.def Info: thermowell_1_closeup-eps-converted-to.pdf  used on inp
ut line 1445.
(pdftex.def)             Requested size: 180.67499pt x 120.12462pt.


[41

 <./thermowell_1-eps-converted-to.pdf> <./thermowell_1_closeup-eps-converted-to
.pdf>]
Package epstopdf Info: Source file: <rtd_head.eps>
(epstopdf)                    date: 2023-02-05 16:06:59
(epstopdf)                    size: 71532 bytes
(epstopdf)             Output file: <rtd_head-eps-converted-to.pdf>
(epstopdf)                    date: 2023-12-03 12:38:17
(epstopdf)                    size: 58367 bytes
(epstopdf)             Command: <repstopdf --outfile=rtd_head-eps-converted-to.
pdf rtd_head.eps>
(epstopdf)             \includegraphics on input line 1456.
Package epstopdf Info: Output file is already uptodate.
<rtd_head-eps-converted-to.pdf, id=1360, 557.08125pt x 370.38374pt>
File: rtd_head-eps-converted-to.pdf Graphic file (type pdf)
<use rtd_head-eps-converted-to.pdf>
Package pdftex.def Info: rtd_head-eps-converted-to.pdf  used on input line 1456
.
(pdftex.def)             Requested size: 361.34999pt x 240.25488pt.

Overfull \vbox (35.6536pt too high) detected at line 1456
 []



[42

 <./rtd_head-eps-converted-to.pdf>]
Package epstopdf Info: Source file: <rtd_xmtr.eps>
(epstopdf)                    date: 2023-02-05 16:06:59
(epstopdf)                    size: 164485 bytes
(epstopdf)             Output file: <rtd_xmtr-eps-converted-to.pdf>
(epstopdf)                    date: 2023-12-03 12:38:17
(epstopdf)                    size: 155311 bytes
(epstopdf)             Command: <repstopdf --outfile=rtd_xmtr-eps-converted-to.
pdf rtd_xmtr.eps>
(epstopdf)             \includegraphics on input line 1466.
Package epstopdf Info: Output file is already uptodate.
<rtd_xmtr-eps-converted-to.pdf, id=1388, 557.08125pt x 370.38374pt>
File: rtd_xmtr-eps-converted-to.pdf Graphic file (type pdf)
<use rtd_xmtr-eps-converted-to.pdf>
Package pdftex.def Info: rtd_xmtr-eps-converted-to.pdf  used on input line 1466
.
(pdftex.def)             Requested size: 361.34999pt x 240.25488pt.

Overfull \vbox (35.6536pt too high) detected at line 1466
 []



[43

 <./rtd_xmtr-eps-converted-to.pdf>]

[44

]

[45

]
\tf@nav=\write6
\openout6 = `pContinuousTemperatureMeasurement.nav'.

\tf@toc=\write7
\openout7 = `pContinuousTemperatureMeasurement.toc'.

\tf@snm=\write8
\openout8 = `pContinuousTemperatureMeasurement.snm'.

 (./pContinuousTemperatureMeasurement.aux)
 ***********
LaTeX2e <2024-11-01> patch level 2
L3 programming layer <2025-01-18>
 ***********
Package rerunfilecheck Info: File `pContinuousTemperatureMeasurement.out' has n
ot changed.
(rerunfilecheck)             Checksum: D41D8CD98F00B204E9800998ECF8427E;0.
 ) 
Here is how much of TeX's memory you used:
 22003 strings out of 474560
 420191 string characters out of 5750494
 795400 words of memory out of 5000000
 44506 multiletter control sequences out of 15000+600000
 570341 words of font info for 77 fonts, out of 8000000 for 9000
 350 hyphenation exceptions out of 8191
 128i,14n,123p,2236b,561s stack positions out of 10000i,1000n,20000p,200000b,200000s
</usr/share/texmf-dist/fonts/type1/public/amsfonts/cm/cmmi10.pfb></usr/share/
texmf-dist/fonts/type1/public/amsfonts/cm/cmmi12.pfb></usr/share/texmf-dist/fon
ts/type1/public/amsfonts/cm/cmss10.pfb></usr/share/texmf-dist/fonts/type1/publi
c/amsfonts/cm/cmss12.pfb></usr/share/texmf-dist/fonts/type1/public/amsfonts/cm/
cmss8.pfb></usr/share/texmf-dist/fonts/type1/public/amsfonts/cm/cmssbx10.pfb></
usr/share/texmf-dist/fonts/type1/public/amsfonts/cm/cmssi10.pfb></usr/share/tex
mf-dist/fonts/type1/public/amsfonts/cm/cmssi8.pfb></usr/share/texmf-dist/fonts/
type1/public/amsfonts/cm/cmsy10.pfb></usr/share/texmf-dist/fonts/type1/public/a
msfonts/cm/cmsy8.pfb></usr/share/texmf-dist/fonts/type1/public/amsfonts/symbols
/msam10.pfb>
Output written on pContinuousTemperatureMeasurement.pdf (45 pages, 2242707 byte
s).
PDF statistics:
 1539 PDF objects out of 1728 (max. 8388607)
 1341 compressed objects within 14 object streams
 91 named destinations out of 1000 (max. 500000)
 218 words of extra memory for PDF output out of 10000 (max. 10000000)

